rm -rf build && mkdir build
for i in ../system.v ../rtl/lac/lac.v ../rtl/lac/uart.v ../rtl/lac/dp_ram.v ../rtl/lm32/lm32_cpu.v ../rtl/lm32/lm32_instruction_unit.v ../rtl/lm32/lm32_decoder.v ../rtl/lm32/lm32_simtrace.v ../rtl/lm32/lm32_load_store_unit.v ../rtl/lm32/lm32_adder.v ../rtl/lm32/lm32_addsub.v ../rtl/lm32/lm32_logic_op.v ../rtl/lm32/lm32_shifter.v ../rtl/lm32/lm32_multiplier.v ../rtl/lm32/lm32_mc_arithmetic.v ../rtl/lm32/lm32_interrupt.v ../rtl/lm32/lm32_ram.v ../rtl/wb_bram/wb_bram.v ../rtl/wb_uart/wb_uart.v ../rtl/wb_timer/wb_timer.v ../rtl/wb_gpio/wb_gpio.v ../rtl/wb_spi/wb_spi.v ../rtl/wb_conbus/conbus.v ../rtl/wb_conbus/conbus_arb.v ../rtl/wb_sram/wb_sram32.v; do echo verilog work $i >> build/system.prj; done
for i in ; do echo VHDL work $i >> build/system.prj; done
cd build && xst -ifn ../system.xst
Release 14.7 - xst P.20131013 (lin64)
Copyright (c) 1995-2013 Xilinx, Inc.  All rights reserved.
--> 

TABLE OF CONTENTS
  1) Synthesis Options Summary
  2) HDL Parsing
  3) HDL Elaboration
  4) HDL Synthesis
       4.1) HDL Synthesis Report
  5) Advanced HDL Synthesis
       5.1) Advanced HDL Synthesis Report
  6) Low Level Synthesis
  7) Partition Report
  8) Design Summary
       8.1) Primitive and Black Box Usage
       8.2) Device utilization summary
       8.3) Partition Resource Summary
       8.4) Timing Report
            8.4.1) Clock Information
            8.4.2) Asynchronous Control Signals Information
            8.4.3) Timing Summary
            8.4.4) Timing Details
            8.4.5) Cross Clock Domains Report


=========================================================================
*                      Synthesis Options Summary                        *
=========================================================================
---- Source Parameters
Input File Name                    : "system.prj"
Input Format                       : MIXED

---- Target Parameters
Output File Name                   : "system.ngc"
Target Device                      : xc7a100t-3csg324

---- Source Options
Top Module Name                    : system
Automatic Register Balancing       : yes

---- General Options
Optimization Goal                  : AREA
Optimization Effort                : 2
RTL Output                         : yes

=========================================================================


=========================================================================
*                          HDL Parsing                                  *
=========================================================================
Analyzing Verilog file "/home/kmilo/Documents/sie/system.v" into library work
Parsing module <system>.
WARNING:HDLCompiler:751 - "/home/kmilo/Documents/sie/system.v" Line 407: Redeclaration of ansi port spi_mosi is not allowed
WARNING:HDLCompiler:751 - "/home/kmilo/Documents/sie/system.v" Line 408: Redeclaration of ansi port spi_miso is not allowed
Analyzing Verilog file "/home/kmilo/Documents/sie/rtl/lac/lac.v" into library work
Parsing module <lac>.
INFO:HDLCompiler:693 - "/home/kmilo/Documents/sie/rtl/lac/lac.v" Line 23. parameter declaration becomes local in lac with formal parameter declaration list
INFO:HDLCompiler:693 - "/home/kmilo/Documents/sie/rtl/lac/lac.v" Line 24. parameter declaration becomes local in lac with formal parameter declaration list
INFO:HDLCompiler:693 - "/home/kmilo/Documents/sie/rtl/lac/lac.v" Line 25. parameter declaration becomes local in lac with formal parameter declaration list
INFO:HDLCompiler:693 - "/home/kmilo/Documents/sie/rtl/lac/lac.v" Line 86. parameter declaration becomes local in lac with formal parameter declaration list
INFO:HDLCompiler:693 - "/home/kmilo/Documents/sie/rtl/lac/lac.v" Line 87. parameter declaration becomes local in lac with formal parameter declaration list
INFO:HDLCompiler:693 - "/home/kmilo/Documents/sie/rtl/lac/lac.v" Line 88. parameter declaration becomes local in lac with formal parameter declaration list
INFO:HDLCompiler:693 - "/home/kmilo/Documents/sie/rtl/lac/lac.v" Line 89. parameter declaration becomes local in lac with formal parameter declaration list
INFO:HDLCompiler:693 - "/home/kmilo/Documents/sie/rtl/lac/lac.v" Line 90. parameter declaration becomes local in lac with formal parameter declaration list
INFO:HDLCompiler:693 - "/home/kmilo/Documents/sie/rtl/lac/lac.v" Line 91. parameter declaration becomes local in lac with formal parameter declaration list
INFO:HDLCompiler:693 - "/home/kmilo/Documents/sie/rtl/lac/lac.v" Line 92. parameter declaration becomes local in lac with formal parameter declaration list
Analyzing Verilog file "/home/kmilo/Documents/sie/rtl/lac/uart.v" into library work
Parsing module <uart>.
INFO:HDLCompiler:693 - "/home/kmilo/Documents/sie/rtl/lac/uart.v" Line 24. parameter declaration becomes local in uart with formal parameter declaration list
Analyzing Verilog file "/home/kmilo/Documents/sie/rtl/lac/dp_ram.v" into library work
Parsing module <dp_ram>.
INFO:HDLCompiler:693 - "/home/kmilo/Documents/sie/rtl/lac/dp_ram.v" Line 20. parameter declaration becomes local in dp_ram with formal parameter declaration list
Analyzing Verilog file "/home/kmilo/Documents/sie/rtl/lm32/lm32_cpu.v" into library work
Parsing verilog file "/home/kmilo/Documents/sie/rtl/lm32/lm32_include.v" included at line 24.
Parsing verilog file "/home/kmilo/Documents/sie/system_conf.v" included at line 28.
Parsing module <lm32_cpu>.
Parsing verilog file "/home/kmilo/Documents/sie/rtl/lm32/lm32_functions.v" included at line 423.
Analyzing Verilog file "/home/kmilo/Documents/sie/rtl/lm32/lm32_instruction_unit.v" into library work
Parsing verilog file "/home/kmilo/Documents/sie/rtl/lm32/lm32_include.v" included at line 24.
Parsing module <lm32_instruction_unit>.
Parsing verilog file "/home/kmilo/Documents/sie/rtl/lm32/lm32_functions.v" included at line 291.
Analyzing Verilog file "/home/kmilo/Documents/sie/rtl/lm32/lm32_decoder.v" into library work
Parsing verilog file "/home/kmilo/Documents/sie/rtl/lm32/lm32_include.v" included at line 24.
Parsing module <lm32_decoder>.
Parsing verilog file "/home/kmilo/Documents/sie/rtl/lm32/lm32_functions.v" included at line 298.
Analyzing Verilog file "/home/kmilo/Documents/sie/rtl/lm32/lm32_simtrace.v" into library work
Parsing verilog file "/home/kmilo/Documents/sie/rtl/lm32/lm32_include.v" included at line 10.
Parsing module <lm32_simtrace>.
Parsing verilog file "/home/kmilo/Documents/sie/rtl/lm32/lm32_functions.v" included at line 63.
Analyzing Verilog file "/home/kmilo/Documents/sie/rtl/lm32/lm32_load_store_unit.v" into library work
Parsing verilog file "/home/kmilo/Documents/sie/rtl/lm32/lm32_include.v" included at line 24.
Parsing module <lm32_load_store_unit>.
Parsing verilog file "/home/kmilo/Documents/sie/rtl/lm32/lm32_functions.v" included at line 208.
Analyzing Verilog file "/home/kmilo/Documents/sie/rtl/lm32/lm32_adder.v" into library work
Parsing verilog file "/home/kmilo/Documents/sie/rtl/lm32/lm32_include.v" included at line 24.
Parsing module <lm32_adder>.
Analyzing Verilog file "/home/kmilo/Documents/sie/rtl/lm32/lm32_addsub.v" into library work
Parsing verilog file "/home/kmilo/Documents/sie/rtl/lm32/lm32_include.v" included at line 23.
Parsing module <lm32_addsub>.
Analyzing Verilog file "/home/kmilo/Documents/sie/rtl/lm32/lm32_logic_op.v" into library work
Parsing verilog file "/home/kmilo/Documents/sie/rtl/lm32/lm32_include.v" included at line 24.
Parsing module <lm32_logic_op>.
Analyzing Verilog file "/home/kmilo/Documents/sie/rtl/lm32/lm32_shifter.v" into library work
Parsing verilog file "/home/kmilo/Documents/sie/rtl/lm32/lm32_include.v" included at line 24.
Parsing module <lm32_shifter>.
Analyzing Verilog file "/home/kmilo/Documents/sie/rtl/lm32/lm32_multiplier.v" into library work
Parsing verilog file "/home/kmilo/Documents/sie/rtl/lm32/lm32_include.v" included at line 24.
Parsing module <lm32_multiplier>.
Analyzing Verilog file "/home/kmilo/Documents/sie/rtl/lm32/lm32_mc_arithmetic.v" into library work
Parsing verilog file "/home/kmilo/Documents/sie/rtl/lm32/lm32_include.v" included at line 24.
Parsing module <lm32_mc_arithmetic>.
Analyzing Verilog file "/home/kmilo/Documents/sie/rtl/lm32/lm32_interrupt.v" into library work
Parsing verilog file "/home/kmilo/Documents/sie/system_conf.v" included at line 24.
Parsing verilog file "/home/kmilo/Documents/sie/rtl/lm32/lm32_include.v" included at line 25.
Parsing module <lm32_interrupt>.
Analyzing Verilog file "/home/kmilo/Documents/sie/rtl/lm32/lm32_ram.v" into library work
Parsing verilog file "/home/kmilo/Documents/sie/rtl/lm32/lm32_include.v" included at line 23.
Parsing module <lm32_ram>.
Analyzing Verilog file "/home/kmilo/Documents/sie/rtl/wb_bram/wb_bram.v" into library work
Parsing module <wb_bram>.
INFO:HDLCompiler:693 - "/home/kmilo/Documents/sie/rtl/wb_bram/wb_bram.v" Line 25. parameter declaration becomes local in wb_bram with formal parameter declaration list
INFO:HDLCompiler:693 - "/home/kmilo/Documents/sie/rtl/wb_bram/wb_bram.v" Line 26. parameter declaration becomes local in wb_bram with formal parameter declaration list
Analyzing Verilog file "/home/kmilo/Documents/sie/rtl/wb_uart/wb_uart.v" into library work
Parsing module <wb_uart>.
Analyzing Verilog file "/home/kmilo/Documents/sie/rtl/wb_timer/wb_timer.v" into library work
Parsing module <wb_timer>.
Analyzing Verilog file "/home/kmilo/Documents/sie/rtl/wb_gpio/wb_gpio.v" into library work
Parsing module <wb_gpio>.
Analyzing Verilog file "/home/kmilo/Documents/sie/rtl/wb_spi/wb_spi.v" into library work
Parsing module <wb_spi>.
Analyzing Verilog file "/home/kmilo/Documents/sie/rtl/wb_conbus/conbus.v" into library work
Parsing module <conbus>.
Analyzing Verilog file "/home/kmilo/Documents/sie/rtl/wb_conbus/conbus_arb.v" into library work
Parsing module <conbus_arb>.
Analyzing Verilog file "/home/kmilo/Documents/sie/rtl/wb_sram/wb_sram32.v" into library work
Parsing module <wb_sram32>.
INFO:HDLCompiler:693 - "/home/kmilo/Documents/sie/rtl/wb_sram/wb_sram32.v" Line 52. parameter declaration becomes local in wb_sram32 with formal parameter declaration list
INFO:HDLCompiler:693 - "/home/kmilo/Documents/sie/rtl/wb_sram/wb_sram32.v" Line 53. parameter declaration becomes local in wb_sram32 with formal parameter declaration list
INFO:HDLCompiler:693 - "/home/kmilo/Documents/sie/rtl/wb_sram/wb_sram32.v" Line 54. parameter declaration becomes local in wb_sram32 with formal parameter declaration list

=========================================================================
*                            HDL Elaboration                            *
=========================================================================
WARNING:HDLCompiler:1016 - "/home/kmilo/Documents/sie/system.v" Line 161: Port m0_cti_i is not connected to this instance

Elaborating module <system>.

Elaborating module <conbus(s_addr_w=3,s0_addr=3'b0,s1_addr=3'b010,s2_addr=3'b011,s3_addr=3'b100,s4_addr=3'b101,s5_addr=3'b110)>.

Elaborating module <conbus_arb>.
WARNING:HDLCompiler:1127 - "/home/kmilo/Documents/sie/system.v" Line 253: Assignment to gpio0_sel ignored, since the identifier is never used

Elaborating module <lm32_cpu>.

Elaborating module <lm32_instruction_unit(associativity=1,sets=512,bytes_per_line=16,base_address=0,limit=0)>.
"/home/kmilo/Documents/sie/rtl/lm32/lm32_instruction_unit.v" Line 699. $display Instruction bus error. Address: 0
WARNING:HDLCompiler:1127 - "/home/kmilo/Documents/sie/rtl/lm32/lm32_cpu.v" Line 461: Assignment to pc_x ignored, since the identifier is never used

Elaborating module <lm32_simtrace>.
WARNING:HDLCompiler:1499 - "/home/kmilo/Documents/sie/rtl/lm32/lm32_simtrace.v" Line 20: Empty module <lm32_simtrace> remains a black box.

Elaborating module <lm32_decoder>.
WARNING:HDLCompiler:413 - "/home/kmilo/Documents/sie/rtl/lm32/lm32_decoder.v" Line 559: Result of 32-bit expression is truncated to fit in 30-bit target.

Elaborating module <lm32_load_store_unit(associativity=1,sets=512,bytes_per_line=16,base_address=0,limit=0)>.

Elaborating module <lm32_adder>.

Elaborating module <lm32_addsub>.

Elaborating module <lm32_logic_op>.

Elaborating module <lm32_shifter>.
WARNING:HDLCompiler:413 - "/home/kmilo/Documents/sie/rtl/lm32/lm32_shifter.v" Line 123: Result of 64-bit expression is truncated to fit in 32-bit target.

Elaborating module <lm32_multiplier>.

Elaborating module <lm32_mc_arithmetic>.

Elaborating module <lm32_interrupt>.
WARNING:HDLCompiler:1127 - "/home/kmilo/Documents/sie/rtl/lm32/lm32_cpu.v" Line 1138: Assignment to x_result_sel_logic_x ignored, since the identifier is never used
WARNING:HDLCompiler:1127 - "/home/kmilo/Documents/sie/system.v" Line 295: Assignment to lm32i_cti ignored, since the identifier is never used
WARNING:HDLCompiler:1127 - "/home/kmilo/Documents/sie/system.v" Line 296: Assignment to lm32i_lock ignored, since the identifier is never used
WARNING:HDLCompiler:1127 - "/home/kmilo/Documents/sie/system.v" Line 297: Assignment to lm32i_bte ignored, since the identifier is never used
WARNING:HDLCompiler:1127 - "/home/kmilo/Documents/sie/system.v" Line 309: Assignment to lm32d_cti ignored, since the identifier is never used
WARNING:HDLCompiler:1127 - "/home/kmilo/Documents/sie/system.v" Line 310: Assignment to lm32d_lock ignored, since the identifier is never used
WARNING:HDLCompiler:1127 - "/home/kmilo/Documents/sie/system.v" Line 311: Assignment to lm32d_bte ignored, since the identifier is never used

Elaborating module <wb_bram(adr_width=12,mem_file_name="../firmware/hw-test/image.ram")>.
Reading initialization file \"../firmware/hw-test/image.ram\".

Elaborating module <wb_uart(clk_freq=100000000,baud=115200)>.

Elaborating module <uart(freq_hz=100000000,baud=115200)>.
WARNING:HDLCompiler:413 - "/home/kmilo/Documents/sie/rtl/lac/uart.v" Line 39: Result of 32-bit expression is truncated to fit in 16-bit target.
WARNING:HDLCompiler:413 - "/home/kmilo/Documents/sie/rtl/lac/uart.v" Line 88: Result of 5-bit expression is truncated to fit in 4-bit target.
WARNING:HDLCompiler:413 - "/home/kmilo/Documents/sie/rtl/lac/uart.v" Line 91: Result of 5-bit expression is truncated to fit in 4-bit target.
WARNING:HDLCompiler:413 - "/home/kmilo/Documents/sie/rtl/lac/uart.v" Line 135: Result of 5-bit expression is truncated to fit in 4-bit target.
WARNING:HDLCompiler:413 - "/home/kmilo/Documents/sie/rtl/lac/uart.v" Line 138: Result of 5-bit expression is truncated to fit in 4-bit target.

Elaborating module <wb_timer(clk_freq=100000000)>.

Elaborating module <wb_gpio>.

Elaborating module <wb_spi>.
WARNING:HDLCompiler:413 - "/home/kmilo/Documents/sie/rtl/wb_spi/wb_spi.v" Line 57: Result of 9-bit expression is truncated to fit in 8-bit target.
WARNING:HDLCompiler:413 - "/home/kmilo/Documents/sie/rtl/wb_spi/wb_spi.v" Line 63: Result of 4-bit expression is truncated to fit in 3-bit target.
WARNING:HDLCompiler:189 - "/home/kmilo/Documents/sie/system.v" Line 423: Size mismatch in connection of port <spi_cs>. Formal port size is 8-bit while actual signal size is 1-bit.
WARNING:HDLCompiler:189 - "/home/kmilo/Documents/sie/system.v" Line 447: Size mismatch in connection of port <spi_cs>. Formal port size is 8-bit while actual signal size is 1-bit.
WARNING:HDLCompiler:634 - "/home/kmilo/Documents/sie/system.v" Line 133: Net <lm32i_rty> does not have a driver.
WARNING:HDLCompiler:634 - "/home/kmilo/Documents/sie/system.v" Line 134: Net <lm32d_rty> does not have a driver.
WARNING:HDLCompiler:634 - "/home/kmilo/Documents/sie/system.v" Line 136: Net <lm32i_err> does not have a driver.
WARNING:HDLCompiler:634 - "/home/kmilo/Documents/sie/system.v" Line 137: Net <lm32d_err> does not have a driver.
WARNING:HDLCompiler:634 - "/home/kmilo/Documents/sie/system.v" Line 154: Net <gpio0_intr> does not have a driver.
WARNING:HDLCompiler:552 - "/home/kmilo/Documents/sie/system.v" Line 169: Input port m0_cti_i[2] is not connected on this instance
WARNING:Xst:2972 - "/home/kmilo/Documents/sie/rtl/lm32/lm32_cpu.v" line 483. All outputs of instance <simtrace> of block <lm32_simtrace> are unconnected in block <lm32_cpu>. Underlying logic will be removed.

=========================================================================
*                           HDL Synthesis                               *
=========================================================================

Synthesizing Unit <system>.
    Related source file is "/home/kmilo/Documents/sie/system.v".
        bootram_file = "../firmware/hw-test/image.ram"
        clk_freq = 100000000
        uart_baud_rate = 115200
WARNING:Xst:2898 - Port 'm0_cti_i', unconnected in block instance 'conbus0', is tied to GND.
WARNING:Xst:2898 - Port 'm1_cti_i', unconnected in block instance 'conbus0', is tied to GND.
WARNING:Xst:2898 - Port 'm2_cti_i', unconnected in block instance 'conbus0', is tied to GND.
WARNING:Xst:2898 - Port 'm3_cti_i', unconnected in block instance 'conbus0', is tied to GND.
WARNING:Xst:2898 - Port 'm4_cti_i', unconnected in block instance 'conbus0', is tied to GND.
WARNING:Xst:2898 - Port 'm5_cti_i', unconnected in block instance 'conbus0', is tied to GND.
WARNING:Xst:2898 - Port 'm6_cti_i', unconnected in block instance 'conbus0', is tied to GND.
WARNING:Xst:2898 - Port 'm2_we_i', unconnected in block instance 'conbus0', is tied to GND.
WARNING:Xst:2898 - Port 'm3_we_i', unconnected in block instance 'conbus0', is tied to GND.
WARNING:Xst:2898 - Port 'm4_we_i', unconnected in block instance 'conbus0', is tied to GND.
WARNING:Xst:2898 - Port 'm5_we_i', unconnected in block instance 'conbus0', is tied to GND.
WARNING:Xst:2898 - Port 'm6_we_i', unconnected in block instance 'conbus0', is tied to GND.
WARNING:Xst:647 - Input <addr> is never used. This port will be preserved and left unconnected if it belongs to a top-level block or it belongs to a sub-block and the hierarchy of this sub-block is preserved.
WARNING:Xst:647 - Input <sram_data> is never used. This port will be preserved and left unconnected if it belongs to a top-level block or it belongs to a sub-block and the hierarchy of this sub-block is preserved.
WARNING:Xst:647 - Input <nwe> is never used. This port will be preserved and left unconnected if it belongs to a top-level block or it belongs to a sub-block and the hierarchy of this sub-block is preserved.
WARNING:Xst:647 - Input <noe> is never used. This port will be preserved and left unconnected if it belongs to a top-level block or it belongs to a sub-block and the hierarchy of this sub-block is preserved.
WARNING:Xst:647 - Input <ncs> is never used. This port will be preserved and left unconnected if it belongs to a top-level block or it belongs to a sub-block and the hierarchy of this sub-block is preserved.
INFO:Xst:3210 - "/home/kmilo/Documents/sie/system.v" line 169: Output port <m2_dat_o> of the instance <conbus0> is unconnected or connected to loadless signal.
INFO:Xst:3210 - "/home/kmilo/Documents/sie/system.v" line 169: Output port <m3_dat_o> of the instance <conbus0> is unconnected or connected to loadless signal.
INFO:Xst:3210 - "/home/kmilo/Documents/sie/system.v" line 169: Output port <m4_dat_o> of the instance <conbus0> is unconnected or connected to loadless signal.
INFO:Xst:3210 - "/home/kmilo/Documents/sie/system.v" line 169: Output port <m5_dat_o> of the instance <conbus0> is unconnected or connected to loadless signal.
INFO:Xst:3210 - "/home/kmilo/Documents/sie/system.v" line 169: Output port <m6_dat_o> of the instance <conbus0> is unconnected or connected to loadless signal.
INFO:Xst:3210 - "/home/kmilo/Documents/sie/system.v" line 169: Output port <s0_cti_o> of the instance <conbus0> is unconnected or connected to loadless signal.
INFO:Xst:3210 - "/home/kmilo/Documents/sie/system.v" line 169: Output port <s1_cti_o> of the instance <conbus0> is unconnected or connected to loadless signal.
INFO:Xst:3210 - "/home/kmilo/Documents/sie/system.v" line 169: Output port <s2_cti_o> of the instance <conbus0> is unconnected or connected to loadless signal.
INFO:Xst:3210 - "/home/kmilo/Documents/sie/system.v" line 169: Output port <s3_cti_o> of the instance <conbus0> is unconnected or connected to loadless signal.
INFO:Xst:3210 - "/home/kmilo/Documents/sie/system.v" line 169: Output port <s3_sel_o> of the instance <conbus0> is unconnected or connected to loadless signal.
INFO:Xst:3210 - "/home/kmilo/Documents/sie/system.v" line 169: Output port <s4_cti_o> of the instance <conbus0> is unconnected or connected to loadless signal.
INFO:Xst:3210 - "/home/kmilo/Documents/sie/system.v" line 169: Output port <s5_cti_o> of the instance <conbus0> is unconnected or connected to loadless signal.
INFO:Xst:3210 - "/home/kmilo/Documents/sie/system.v" line 169: Output port <m2_ack_o> of the instance <conbus0> is unconnected or connected to loadless signal.
INFO:Xst:3210 - "/home/kmilo/Documents/sie/system.v" line 169: Output port <m3_ack_o> of the instance <conbus0> is unconnected or connected to loadless signal.
INFO:Xst:3210 - "/home/kmilo/Documents/sie/system.v" line 169: Output port <m4_ack_o> of the instance <conbus0> is unconnected or connected to loadless signal.
INFO:Xst:3210 - "/home/kmilo/Documents/sie/system.v" line 169: Output port <m5_ack_o> of the instance <conbus0> is unconnected or connected to loadless signal.
INFO:Xst:3210 - "/home/kmilo/Documents/sie/system.v" line 169: Output port <m6_ack_o> of the instance <conbus0> is unconnected or connected to loadless signal.
INFO:Xst:3210 - "/home/kmilo/Documents/sie/system.v" line 282: Output port <I_CTI_O> of the instance <lm0> is unconnected or connected to loadless signal.
INFO:Xst:3210 - "/home/kmilo/Documents/sie/system.v" line 282: Output port <I_BTE_O> of the instance <lm0> is unconnected or connected to loadless signal.
INFO:Xst:3210 - "/home/kmilo/Documents/sie/system.v" line 282: Output port <D_CTI_O> of the instance <lm0> is unconnected or connected to loadless signal.
INFO:Xst:3210 - "/home/kmilo/Documents/sie/system.v" line 282: Output port <D_BTE_O> of the instance <lm0> is unconnected or connected to loadless signal.
INFO:Xst:3210 - "/home/kmilo/Documents/sie/system.v" line 282: Output port <I_LOCK_O> of the instance <lm0> is unconnected or connected to loadless signal.
INFO:Xst:3210 - "/home/kmilo/Documents/sie/system.v" line 282: Output port <D_LOCK_O> of the instance <lm0> is unconnected or connected to loadless signal.
WARNING:Xst:653 - Signal <lm32i_rty> is used but never assigned. This sourceless signal will be automatically connected to value GND.
WARNING:Xst:653 - Signal <lm32d_rty> is used but never assigned. This sourceless signal will be automatically connected to value GND.
WARNING:Xst:653 - Signal <lm32i_err> is used but never assigned. This sourceless signal will be automatically connected to value GND.
WARNING:Xst:653 - Signal <lm32d_err> is used but never assigned. This sourceless signal will be automatically connected to value GND.
WARNING:Xst:653 - Signal <gpio0_intr> is used but never assigned. This sourceless signal will be automatically connected to value GND.
    Summary:
	no macro.
Unit <system> synthesized.

Synthesizing Unit <conbus>.
    Related source file is "/home/kmilo/Documents/sie/rtl/wb_conbus/conbus.v".
        s_addr_w = 3
        s0_addr = 3'b000
        s1_addr = 3'b010
        s2_addr = 3'b011
        s3_addr = 3'b100
        s4_addr = 3'b101
        s5_addr = 3'b110
    Summary:
	no macro.
Unit <conbus> synthesized.

Synthesizing Unit <conbus_arb>.
    Related source file is "/home/kmilo/Documents/sie/rtl/wb_conbus/conbus_arb.v".
        grant0 = 7'b0000001
        grant1 = 7'b0000010
        grant2 = 7'b0000100
        grant3 = 7'b0001000
        grant4 = 7'b0010000
        grant5 = 7'b0100000
        grant6 = 7'b1000000
    Found 7-bit register for signal <state>.
    Found finite state machine <FSM_0> for signal <state>.
    -----------------------------------------------------------------------
    | States             | 7                                              |
    | Transitions        | 56                                             |
    | Inputs             | 8                                              |
    | Outputs            | 14                                             |
    | Clock              | sys_clk (rising_edge)                          |
    | Reset              | sys_rst (positive)                             |
    | Reset type         | synchronous                                    |
    | Reset State        | 0000001                                        |
    | Encoding           | auto                                           |
    | Implementation     | LUT                                            |
    -----------------------------------------------------------------------
    Summary:
	inferred   1 Finite State Machine(s).
Unit <conbus_arb> synthesized.

Synthesizing Unit <lm32_cpu>.
    Related source file is "/home/kmilo/Documents/sie/rtl/lm32/lm32_cpu.v".
        eba_reset = 32'b00000000000000000000000000000000
        icache_associativity = 1
        icache_sets = 512
        icache_bytes_per_line = 16
        icache_base_address = 0
        icache_limit = 0
        dcache_associativity = 1
        dcache_sets = 512
        dcache_bytes_per_line = 16
        dcache_base_address = 0
        dcache_limit = 0
        watchpoints = 4'b0000
        breakpoints = 4'b0000
        interrupts = 32
INFO:Xst:3210 - "/home/kmilo/Documents/sie/rtl/lm32/lm32_cpu.v" line 436: Output port <pc_x> of the instance <instruction_unit> is unconnected or connected to loadless signal.
INFO:Xst:3210 - "/home/kmilo/Documents/sie/rtl/lm32/lm32_cpu.v" line 495: Output port <x_result_sel_logic> of the instance <decoder> is unconnected or connected to loadless signal.
    Found 32-bit register for signal <operand_0_x>.
    Found 32-bit register for signal <operand_1_x>.
    Found 32-bit register for signal <store_operand_x>.
    Found 32-bit register for signal <operand_m>.
    Found 32-bit register for signal <operand_w>.
    Found 30-bit register for signal <branch_target_x>.
    Found 30-bit register for signal <branch_target_m>.
    Found 5-bit register for signal <write_idx_x>.
    Found 5-bit register for signal <write_idx_m>.
    Found 5-bit register for signal <write_idx_w>.
    Found 3-bit register for signal <csr_x>.
    Found 3-bit register for signal <condition_x>.
    Found 2-bit register for signal <size_x>.
    Found 4-bit register for signal <logic_op_x>.
    Found 24-bit register for signal <eba>.
    Found 1-bit register for signal <data_bus_error_exception>.
    Found 1-bit register for signal <valid_f>.
    Found 1-bit register for signal <valid_d>.
    Found 1-bit register for signal <valid_x>.
    Found 1-bit register for signal <valid_m>.
    Found 1-bit register for signal <valid_w>.
    Found 1-bit register for signal <x_result_sel_csr_x>.
    Found 1-bit register for signal <x_result_sel_mc_arith_x>.
    Found 1-bit register for signal <x_result_sel_sext_x>.
    Found 1-bit register for signal <x_result_sel_add_x>.
    Found 1-bit register for signal <m_result_sel_compare_x>.
    Found 1-bit register for signal <m_result_sel_shift_x>.
    Found 1-bit register for signal <w_result_sel_load_x>.
    Found 1-bit register for signal <w_result_sel_mul_x>.
    Found 1-bit register for signal <x_bypass_enable_x>.
    Found 1-bit register for signal <m_bypass_enable_x>.
    Found 1-bit register for signal <write_enable_x>.
    Found 1-bit register for signal <load_x>.
    Found 1-bit register for signal <store_x>.
    Found 1-bit register for signal <sign_extend_x>.
    Found 1-bit register for signal <adder_op_x>.
    Found 1-bit register for signal <adder_op_x_n>.
    Found 1-bit register for signal <direction_x>.
    Found 1-bit register for signal <branch_x>.
    Found 1-bit register for signal <system_call_exception>.
    Found 1-bit register for signal <eret_x>.
    Found 1-bit register for signal <instruction_bus_error_exception>.
    Found 1-bit register for signal <csr_write_enable_x>.
    Found 1-bit register for signal <m_result_sel_compare_m>.
    Found 1-bit register for signal <m_result_sel_shift_m>.
    Found 1-bit register for signal <w_result_sel_load_m>.
    Found 1-bit register for signal <w_result_sel_mul_m>.
    Found 1-bit register for signal <m_bypass_enable_m>.
    Found 1-bit register for signal <branch_m>.
    Found 1-bit register for signal <exception_m>.
    Found 1-bit register for signal <load_m>.
    Found 1-bit register for signal <store_m>.
    Found 1-bit register for signal <write_enable_m>.
    Found 1-bit register for signal <condition_met_m>.
    Found 1-bit register for signal <w_result_sel_load_w>.
    Found 1-bit register for signal <w_result_sel_mul_w>.
    Found 1-bit register for signal <write_enable_w>.
    Found 1-bit register for signal <exception_w>.
    Found 30-bit adder for signal <pc_d[31]_branch_offset_d[31]_add_160_OUT> created at line 1228.
    Found 32x32-bit dual-port RAM <Mram_registers> for signal <registers>.
    Found 32-bit 3-to-1 multiplexer for signal <d_result_1> created at line 785.
    Found 1-bit 8-to-1 multiplexer for signal <condition_met_x> created at line 812.
    Found 5-bit comparator equal for signal <write_idx_x[4]_read_idx_0_d[4]_equal_3_o> created at line 729
    Found 5-bit comparator equal for signal <write_idx_m[4]_read_idx_0_d[4]_equal_5_o> created at line 730
    Found 5-bit comparator equal for signal <write_idx_w[4]_read_idx_0_d[4]_equal_7_o> created at line 731
    Found 5-bit comparator equal for signal <write_idx_x[4]_read_idx_1_d[4]_equal_9_o> created at line 732
    Found 5-bit comparator equal for signal <write_idx_m[4]_read_idx_1_d[4]_equal_11_o> created at line 733
    Found 5-bit comparator equal for signal <write_idx_w[4]_read_idx_1_d[4]_equal_13_o> created at line 734
    Found 32-bit comparator equal for signal <cmp_zero> created at line 806
    Found 1-bit comparator equal for signal <cmp_negative_cmp_overflow_equal_45_o> created at line 819
    Summary:
	inferred   2 RAM(s).
	inferred   1 Adder/Subtractor(s).
	inferred 313 D-type flip-flop(s).
	inferred   8 Comparator(s).
	inferred  37 Multiplexer(s).
Unit <lm32_cpu> synthesized.

Synthesizing Unit <lm32_instruction_unit>.
    Related source file is "/home/kmilo/Documents/sie/rtl/lm32/lm32_instruction_unit.v".
        associativity = 1
        sets = 512
        bytes_per_line = 16
        base_address = 0
        limit = 0
WARNING:Xst:647 - Input <valid_f> is never used. This port will be preserved and left unconnected if it belongs to a top-level block or it belongs to a sub-block and the hierarchy of this sub-block is preserved.
WARNING:Xst:647 - Input <kill_f> is never used. This port will be preserved and left unconnected if it belongs to a top-level block or it belongs to a sub-block and the hierarchy of this sub-block is preserved.
WARNING:Xst:647 - Input <i_rty_i> is never used. This port will be preserved and left unconnected if it belongs to a top-level block or it belongs to a sub-block and the hierarchy of this sub-block is preserved.
    Found 30-bit register for signal <pc_f>.
    Found 30-bit register for signal <pc_d>.
    Found 30-bit register for signal <pc_x>.
    Found 30-bit register for signal <pc_m>.
    Found 30-bit register for signal <pc_w>.
    Found 32-bit register for signal <i_adr_o>.
    Found 32-bit register for signal <wb_data_f>.
    Found 32-bit register for signal <instruction_d>.
    Found 1-bit register for signal <i_cyc_o>.
    Found 1-bit register for signal <i_stb_o>.
    Found 1-bit register for signal <bus_error_f>.
    Found 1-bit register for signal <bus_error_d>.
    Found 30-bit adder for signal <pc_f[31]_GND_5_o_add_1_OUT> created at line 397.
    Summary:
	inferred   1 Adder/Subtractor(s).
	inferred 248 D-type flip-flop(s).
	inferred   2 Multiplexer(s).
Unit <lm32_instruction_unit> synthesized.

Synthesizing Unit <lm32_decoder>.
    Related source file is "/home/kmilo/Documents/sie/rtl/lm32/lm32_decoder.v".
    Summary:
	inferred  14 Multiplexer(s).
Unit <lm32_decoder> synthesized.

Synthesizing Unit <lm32_load_store_unit>.
    Related source file is "/home/kmilo/Documents/sie/rtl/lm32/lm32_load_store_unit.v".
        associativity = 1
        sets = 512
        bytes_per_line = 16
        base_address = 0
        limit = 0
WARNING:Xst:647 - Input <load_store_address_x<31:2>> is never used. This port will be preserved and left unconnected if it belongs to a top-level block or it belongs to a sub-block and the hierarchy of this sub-block is preserved.
WARNING:Xst:647 - Input <stall_a> is never used. This port will be preserved and left unconnected if it belongs to a top-level block or it belongs to a sub-block and the hierarchy of this sub-block is preserved.
WARNING:Xst:647 - Input <kill_x> is never used. This port will be preserved and left unconnected if it belongs to a top-level block or it belongs to a sub-block and the hierarchy of this sub-block is preserved.
WARNING:Xst:647 - Input <d_rty_i> is never used. This port will be preserved and left unconnected if it belongs to a top-level block or it belongs to a sub-block and the hierarchy of this sub-block is preserved.
    Found 32-bit register for signal <d_dat_o>.
    Found 32-bit register for signal <d_adr_o>.
    Found 32-bit register for signal <wb_data_m>.
    Found 32-bit register for signal <store_data_m>.
    Found 32-bit register for signal <data_w>.
    Found 4-bit register for signal <d_sel_o>.
    Found 4-bit register for signal <byte_enable_m>.
    Found 2-bit register for signal <size_m>.
    Found 2-bit register for signal <size_w>.
    Found 1-bit register for signal <d_stb_o>.
    Found 1-bit register for signal <d_we_o>.
    Found 1-bit register for signal <wb_load_complete>.
    Found 1-bit register for signal <stall_wb_load>.
    Found 1-bit register for signal <sign_extend_m>.
    Found 1-bit register for signal <wb_select_m>.
    Found 1-bit register for signal <sign_extend_w>.
    Found 1-bit register for signal <d_cyc_o>.
    Found 32-bit 3-to-1 multiplexer for signal <store_data_x> created at line 309.
    Summary:
	inferred 180 D-type flip-flop(s).
	inferred   3 Multiplexer(s).
Unit <lm32_load_store_unit> synthesized.

Synthesizing Unit <lm32_adder>.
    Related source file is "/home/kmilo/Documents/sie/rtl/lm32/lm32_adder.v".
    Summary:
	no macro.
Unit <lm32_adder> synthesized.

Synthesizing Unit <lm32_addsub>.
    Related source file is "/home/kmilo/Documents/sie/rtl/lm32/lm32_addsub.v".
    Found 33-bit subtractor for signal <GND_15_o_GND_15_o_sub_3_OUT> created at line 63.
    Found 33-bit subtractor for signal <tmp_subResult> created at line 63.
    Found 33-bit adder for signal <n0025> created at line 62.
    Found 33-bit adder for signal <tmp_addResult> created at line 62.
    Summary:
	inferred   4 Adder/Subtractor(s).
	inferred   2 Multiplexer(s).
Unit <lm32_addsub> synthesized.

Synthesizing Unit <lm32_logic_op>.
    Related source file is "/home/kmilo/Documents/sie/rtl/lm32/lm32_logic_op.v".
    Found 1-bit 4-to-1 multiplexer for signal <logic_result_x<0>> created at line 67.
    Found 1-bit 4-to-1 multiplexer for signal <logic_result_x<1>> created at line 67.
    Found 1-bit 4-to-1 multiplexer for signal <logic_result_x<2>> created at line 67.
    Found 1-bit 4-to-1 multiplexer for signal <logic_result_x<3>> created at line 67.
    Found 1-bit 4-to-1 multiplexer for signal <logic_result_x<4>> created at line 67.
    Found 1-bit 4-to-1 multiplexer for signal <logic_result_x<5>> created at line 67.
    Found 1-bit 4-to-1 multiplexer for signal <logic_result_x<6>> created at line 67.
    Found 1-bit 4-to-1 multiplexer for signal <logic_result_x<7>> created at line 67.
    Found 1-bit 4-to-1 multiplexer for signal <logic_result_x<8>> created at line 67.
    Found 1-bit 4-to-1 multiplexer for signal <logic_result_x<9>> created at line 67.
    Found 1-bit 4-to-1 multiplexer for signal <logic_result_x<10>> created at line 67.
    Found 1-bit 4-to-1 multiplexer for signal <logic_result_x<11>> created at line 67.
    Found 1-bit 4-to-1 multiplexer for signal <logic_result_x<12>> created at line 67.
    Found 1-bit 4-to-1 multiplexer for signal <logic_result_x<13>> created at line 67.
    Found 1-bit 4-to-1 multiplexer for signal <logic_result_x<14>> created at line 67.
    Found 1-bit 4-to-1 multiplexer for signal <logic_result_x<15>> created at line 67.
    Found 1-bit 4-to-1 multiplexer for signal <logic_result_x<16>> created at line 67.
    Found 1-bit 4-to-1 multiplexer for signal <logic_result_x<17>> created at line 67.
    Found 1-bit 4-to-1 multiplexer for signal <logic_result_x<18>> created at line 67.
    Found 1-bit 4-to-1 multiplexer for signal <logic_result_x<19>> created at line 67.
    Found 1-bit 4-to-1 multiplexer for signal <logic_result_x<20>> created at line 67.
    Found 1-bit 4-to-1 multiplexer for signal <logic_result_x<21>> created at line 67.
    Found 1-bit 4-to-1 multiplexer for signal <logic_result_x<22>> created at line 67.
    Found 1-bit 4-to-1 multiplexer for signal <logic_result_x<23>> created at line 67.
    Found 1-bit 4-to-1 multiplexer for signal <logic_result_x<24>> created at line 67.
    Found 1-bit 4-to-1 multiplexer for signal <logic_result_x<25>> created at line 67.
    Found 1-bit 4-to-1 multiplexer for signal <logic_result_x<26>> created at line 67.
    Found 1-bit 4-to-1 multiplexer for signal <logic_result_x<27>> created at line 67.
    Found 1-bit 4-to-1 multiplexer for signal <logic_result_x<28>> created at line 67.
    Found 1-bit 4-to-1 multiplexer for signal <logic_result_x<29>> created at line 67.
    Found 1-bit 4-to-1 multiplexer for signal <logic_result_x<30>> created at line 67.
    Found 1-bit 4-to-1 multiplexer for signal <logic_result_x<31>> created at line 67.
    Summary:
	inferred  32 Multiplexer(s).
Unit <lm32_logic_op> synthesized.

Synthesizing Unit <lm32_shifter>.
    Related source file is "/home/kmilo/Documents/sie/rtl/lm32/lm32_shifter.v".
WARNING:Xst:647 - Input <operand_1_x<31:5>> is never used. This port will be preserved and left unconnected if it belongs to a top-level block or it belongs to a sub-block and the hierarchy of this sub-block is preserved.
    Found 32-bit register for signal <right_shift_result>.
    Found 1-bit register for signal <direction_m>.
    Found 64-bit shifter logical right for signal <n0026> created at line 123
    Summary:
	inferred  33 D-type flip-flop(s).
	inferred   3 Multiplexer(s).
	inferred   1 Combinational logic shifter(s).
Unit <lm32_shifter> synthesized.

Synthesizing Unit <lm32_multiplier>.
    Related source file is "/home/kmilo/Documents/sie/rtl/lm32/lm32_multiplier.v".
    Found 32-bit register for signal <multiplier>.
    Found 32-bit register for signal <product>.
    Found 32-bit register for signal <result>.
    Found 32-bit register for signal <muliplicand>.
    Found 32x32-bit multiplier for signal <n0019> created at line 89.
    Summary:
	inferred   1 Multiplier(s).
	inferred 128 D-type flip-flop(s).
Unit <lm32_multiplier> synthesized.

Synthesizing Unit <lm32_mc_arithmetic>.
    Related source file is "/home/kmilo/Documents/sie/rtl/lm32/lm32_mc_arithmetic.v".
    Found 32-bit register for signal <p>.
    Found 32-bit register for signal <a>.
    Found 32-bit register for signal <b>.
    Found 32-bit register for signal <result_x>.
    Found 3-bit register for signal <state>.
    Found 6-bit register for signal <cycles>.
    Found 1-bit register for signal <divide_by_zero_x>.
    Found finite state machine <FSM_1> for signal <state>.
    -----------------------------------------------------------------------
    | States             | 3                                              |
    | Transitions        | 8                                              |
    | Inputs             | 4                                              |
    | Outputs            | 5                                              |
    | Clock              | clk_i (rising_edge)                            |
    | Reset              | rst_i (positive)                               |
    | Reset type         | asynchronous                                   |
    | Reset State        | 000                                            |
    | Encoding           | auto                                           |
    | Implementation     | LUT                                            |
    -----------------------------------------------------------------------
    Found 33-bit subtractor for signal <t> created at line 130.
    Found 6-bit subtractor for signal <cycles[5]_GND_20_o_sub_20_OUT> created at line 224.
    Summary:
	inferred   2 Adder/Subtractor(s).
	inferred 135 D-type flip-flop(s).
	inferred   7 Multiplexer(s).
	inferred   1 Finite State Machine(s).
Unit <lm32_mc_arithmetic> synthesized.

Synthesizing Unit <lm32_interrupt>.
    Related source file is "/home/kmilo/Documents/sie/rtl/lm32/lm32_interrupt.v".
        interrupts = 32
    Found 32-bit register for signal <im>.
    Found 32-bit register for signal <ip>.
    Found 1-bit register for signal <eie>.
    Found 1-bit register for signal <ie>.
    Found 32-bit 3-to-1 multiplexer for signal <csr_read_data> created at line 97.
    Summary:
	inferred  66 D-type flip-flop(s).
	inferred   9 Multiplexer(s).
Unit <lm32_interrupt> synthesized.

Synthesizing Unit <wb_bram>.
    Related source file is "/home/kmilo/Documents/sie/rtl/wb_bram/wb_bram.v".
        mem_file_name = "../firmware/hw-test/image.ram"
        adr_width = 12
WARNING:Xst:647 - Input <wb_adr_i<1:0>> is never used. This port will be preserved and left unconnected if it belongs to a top-level block or it belongs to a sub-block and the hierarchy of this sub-block is preserved.
WARNING:Xst:647 - Input <wb_adr_i<31:12>> is never used. This port will be preserved and left unconnected if it belongs to a top-level block or it belongs to a sub-block and the hierarchy of this sub-block is preserved.
WARNING:Xst:647 - Input <wb_sel_i> is never used. This port will be preserved and left unconnected if it belongs to a top-level block or it belongs to a sub-block and the hierarchy of this sub-block is preserved.
WARNING:Xst:647 - Input <rst_i> is never used. This port will be preserved and left unconnected if it belongs to a top-level block or it belongs to a sub-block and the hierarchy of this sub-block is preserved.
    Found 1024x32-bit single-port RAM <Mram_ram> for signal <ram>.
    Found 1-bit register for signal <ack>.
    Found 32-bit register for signal <wb_dat_o>.
    Summary:
	inferred   1 RAM(s).
	inferred  33 D-type flip-flop(s).
Unit <wb_bram> synthesized.

Synthesizing Unit <wb_uart>.
    Related source file is "/home/kmilo/Documents/sie/rtl/wb_uart/wb_uart.v".
        clk_freq = 100000000
        baud = 115200
WARNING:Xst:647 - Input <wb_adr_i<1:0>> is never used. This port will be preserved and left unconnected if it belongs to a top-level block or it belongs to a sub-block and the hierarchy of this sub-block is preserved.
WARNING:Xst:647 - Input <wb_adr_i<31:4>> is never used. This port will be preserved and left unconnected if it belongs to a top-level block or it belongs to a sub-block and the hierarchy of this sub-block is preserved.
WARNING:Xst:647 - Input <wb_sel_i> is never used. This port will be preserved and left unconnected if it belongs to a top-level block or it belongs to a sub-block and the hierarchy of this sub-block is preserved.
WARNING:Xst:647 - Input <wb_dat_i<31:8>> is never used. This port will be preserved and left unconnected if it belongs to a top-level block or it belongs to a sub-block and the hierarchy of this sub-block is preserved.
    Found 1-bit register for signal <wb_dat_o<7>>.
    Found 1-bit register for signal <wb_dat_o<6>>.
    Found 1-bit register for signal <wb_dat_o<5>>.
    Found 1-bit register for signal <wb_dat_o<4>>.
    Found 1-bit register for signal <wb_dat_o<3>>.
    Found 1-bit register for signal <wb_dat_o<2>>.
    Found 1-bit register for signal <wb_dat_o<1>>.
    Found 1-bit register for signal <wb_dat_o<0>>.
    Found 1-bit register for signal <tx_wr>.
    Found 1-bit register for signal <rx_ack>.
    Found 1-bit register for signal <ack>.
    WARNING:Xst:2404 -  FFs/Latches <wb_dat_o<21><2:2>> (without init value) have a constant value of 0 in block <wb_uart>.
    WARNING:Xst:2404 -  FFs/Latches <wb_dat_o<18><21:21>> (without init value) have a constant value of 0 in block <wb_uart>.
    WARNING:Xst:2404 -  FFs/Latches <wb_dat_o<29><18:18>> (without init value) have a constant value of 0 in block <wb_uart>.
    WARNING:Xst:2404 -  FFs/Latches <wb_dat_o<17><29:29>> (without init value) have a constant value of 0 in block <wb_uart>.
    WARNING:Xst:2404 -  FFs/Latches <wb_dat_o<11><17:17>> (without init value) have a constant value of 0 in block <wb_uart>.
    WARNING:Xst:2404 -  FFs/Latches <wb_dat_o<23><11:11>> (without init value) have a constant value of 0 in block <wb_uart>.
    WARNING:Xst:2404 -  FFs/Latches <wb_dat_o<22><23:23>> (without init value) have a constant value of 0 in block <wb_uart>.
    WARNING:Xst:2404 -  FFs/Latches <wb_dat_o<26><22:22>> (without init value) have a constant value of 0 in block <wb_uart>.
    WARNING:Xst:2404 -  FFs/Latches <wb_dat_o<28><26:26>> (without init value) have a constant value of 0 in block <wb_uart>.
    WARNING:Xst:2404 -  FFs/Latches <wb_dat_o<14><28:28>> (without init value) have a constant value of 0 in block <wb_uart>.
    WARNING:Xst:2404 -  FFs/Latches <wb_dat_o<31><14:14>> (without init value) have a constant value of 0 in block <wb_uart>.
    WARNING:Xst:2404 -  FFs/Latches <wb_dat_o<27><31:31>> (without init value) have a constant value of 0 in block <wb_uart>.
    WARNING:Xst:2404 -  FFs/Latches <wb_dat_o<25><27:27>> (without init value) have a constant value of 0 in block <wb_uart>.
    WARNING:Xst:2404 -  FFs/Latches <wb_dat_o<20><25:25>> (without init value) have a constant value of 0 in block <wb_uart>.
    WARNING:Xst:2404 -  FFs/Latches <wb_dat_o<16><20:20>> (without init value) have a constant value of 0 in block <wb_uart>.
    WARNING:Xst:2404 -  FFs/Latches <wb_dat_o<15><16:16>> (without init value) have a constant value of 0 in block <wb_uart>.
    WARNING:Xst:2404 -  FFs/Latches <wb_dat_o<13><15:15>> (without init value) have a constant value of 0 in block <wb_uart>.
    WARNING:Xst:2404 -  FFs/Latches <wb_dat_o<12><13:13>> (without init value) have a constant value of 0 in block <wb_uart>.
    WARNING:Xst:2404 -  FFs/Latches <wb_dat_o<9><12:12>> (without init value) have a constant value of 0 in block <wb_uart>.
    WARNING:Xst:2404 -  FFs/Latches <wb_dat_o<30><9:9>> (without init value) have a constant value of 0 in block <wb_uart>.
    WARNING:Xst:2404 -  FFs/Latches <wb_dat_o<24><30:30>> (without init value) have a constant value of 0 in block <wb_uart>.
    WARNING:Xst:2404 -  FFs/Latches <wb_dat_o<19><24:24>> (without init value) have a constant value of 0 in block <wb_uart>.
    WARNING:Xst:2404 -  FFs/Latches <wb_dat_o<10><19:19>> (without init value) have a constant value of 0 in block <wb_uart>.
    WARNING:Xst:2404 -  FFs/Latches <wb_dat_o<8><10:10>> (without init value) have a constant value of 0 in block <wb_uart>.
    Summary:
	inferred  11 D-type flip-flop(s).
	inferred   1 Multiplexer(s).
Unit <wb_uart> synthesized.

Synthesizing Unit <uart>.
    Related source file is "/home/kmilo/Documents/sie/rtl/lac/uart.v".
        freq_hz = 100000000
        baud = 115200
    Found 1-bit register for signal <uart_rxd1>.
    Found 1-bit register for signal <uart_rxd2>.
    Found 1-bit register for signal <rx_busy>.
    Found 4-bit register for signal <rx_count16>.
    Found 4-bit register for signal <rx_bitcount>.
    Found 1-bit register for signal <rx_avail>.
    Found 1-bit register for signal <rx_error>.
    Found 8-bit register for signal <rx_data>.
    Found 8-bit register for signal <rxd_reg>.
    Found 1-bit register for signal <tx_busy>.
    Found 1-bit register for signal <uart_txd>.
    Found 8-bit register for signal <txd_reg>.
    Found 4-bit register for signal <tx_bitcount>.
    Found 4-bit register for signal <tx_count16>.
    Found 16-bit register for signal <enable16_counter>.
    Found 4-bit adder for signal <rx_count16[3]_GND_24_o_add_11_OUT> created at line 88.
    Found 4-bit adder for signal <rx_bitcount[3]_GND_24_o_add_13_OUT> created at line 91.
    Found 4-bit adder for signal <tx_count16[3]_GND_24_o_add_41_OUT> created at line 135.
    Found 4-bit adder for signal <tx_bitcount[3]_GND_24_o_add_43_OUT> created at line 138.
    Found 16-bit subtractor for signal <GND_24_o_GND_24_o_sub_3_OUT<15:0>> created at line 39.
    Summary:
	inferred   5 Adder/Subtractor(s).
	inferred  63 D-type flip-flop(s).
	inferred   9 Multiplexer(s).
Unit <uart> synthesized.

Synthesizing Unit <wb_timer>.
    Related source file is "/home/kmilo/Documents/sie/rtl/wb_timer/wb_timer.v".
        clk_freq = 100000000
WARNING:Xst:647 - Input <wb_adr_i<31:8>> is never used. This port will be preserved and left unconnected if it belongs to a top-level block or it belongs to a sub-block and the hierarchy of this sub-block is preserved.
WARNING:Xst:647 - Input <wb_sel_i> is never used. This port will be preserved and left unconnected if it belongs to a top-level block or it belongs to a sub-block and the hierarchy of this sub-block is preserved.
    Found 1-bit register for signal <en0>.
    Found 1-bit register for signal <en1>.
    Found 1-bit register for signal <ar0>.
    Found 1-bit register for signal <ar1>.
    Found 1-bit register for signal <trig0>.
    Found 1-bit register for signal <trig1>.
    Found 32-bit register for signal <counter0>.
    Found 32-bit register for signal <counter1>.
    Found 32-bit register for signal <compare0>.
    Found 32-bit register for signal <compare1>.
    Found 32-bit register for signal <wb_dat_o>.
    Found 1-bit register for signal <irqen0>.
    Found 1-bit register for signal <irqen1>.
    Found 1-bit register for signal <ack>.
    Found 32-bit adder for signal <counter0[31]_GND_25_o_add_6_OUT> created at line 92.
    Found 32-bit adder for signal <counter1[31]_GND_25_o_add_9_OUT> created at line 98.
    Found 32-bit 7-to-1 multiplexer for signal <_n0178> created at line 109.
    Found 32-bit comparator equal for signal <match0> created at line 64
    Found 32-bit comparator equal for signal <match1> created at line 65
    Summary:
	inferred   2 Adder/Subtractor(s).
	inferred 169 D-type flip-flop(s).
	inferred   2 Comparator(s).
	inferred  19 Multiplexer(s).
Unit <wb_timer> synthesized.

Synthesizing Unit <wb_gpio>.
    Related source file is "/home/kmilo/Documents/sie/rtl/wb_gpio/wb_gpio.v".
        gpio_io_width = 8
        gpio_dir_reset_val = 0
        gpio_o_reset_val = 0
        wb_dat_width = 32
        wb_adr_width = 32
WARNING:Xst:647 - Input <wb_adr_i<1:0>> is never used. This port will be preserved and left unconnected if it belongs to a top-level block or it belongs to a sub-block and the hierarchy of this sub-block is preserved.
WARNING:Xst:647 - Input <wb_adr_i<31:4>> is never used. This port will be preserved and left unconnected if it belongs to a top-level block or it belongs to a sub-block and the hierarchy of this sub-block is preserved.
WARNING:Xst:647 - Input <wb_dat_i<31:8>> is never used. This port will be preserved and left unconnected if it belongs to a top-level block or it belongs to a sub-block and the hierarchy of this sub-block is preserved.
    Found 8-bit register for signal <gpio_dir>.
    Found 1-bit register for signal <ack>.
    Found 32-bit register for signal <wb_dat_o>.
    Found 8-bit register for signal <gpio_o>.
    Found 1-bit tristate buffer for signal <gpio_io<0>> created at line 90
    Found 1-bit tristate buffer for signal <gpio_io<1>> created at line 90
    Found 1-bit tristate buffer for signal <gpio_io<2>> created at line 90
    Found 1-bit tristate buffer for signal <gpio_io<3>> created at line 90
    Found 1-bit tristate buffer for signal <gpio_io<4>> created at line 90
    Found 1-bit tristate buffer for signal <gpio_io<5>> created at line 90
    Found 1-bit tristate buffer for signal <gpio_io<6>> created at line 90
    Found 1-bit tristate buffer for signal <gpio_io<7>> created at line 90
    Summary:
	inferred  49 D-type flip-flop(s).
	inferred   8 Tristate(s).
Unit <wb_gpio> synthesized.

Synthesizing Unit <wb_spi>.
    Related source file is "/home/kmilo/Documents/sie/rtl/wb_spi/wb_spi.v".
WARNING:Xst:647 - Input <wb_adr_i<1:0>> is never used. This port will be preserved and left unconnected if it belongs to a top-level block or it belongs to a sub-block and the hierarchy of this sub-block is preserved.
WARNING:Xst:647 - Input <wb_adr_i<31:6>> is never used. This port will be preserved and left unconnected if it belongs to a top-level block or it belongs to a sub-block and the hierarchy of this sub-block is preserved.
WARNING:Xst:647 - Input <wb_dat_i<31:8>> is never used. This port will be preserved and left unconnected if it belongs to a top-level block or it belongs to a sub-block and the hierarchy of this sub-block is preserved.
WARNING:Xst:647 - Input <wb_sel_i> is never used. This port will be preserved and left unconnected if it belongs to a top-level block or it belongs to a sub-block and the hierarchy of this sub-block is preserved.
    Found 1-bit register for signal <sck>.
    Found 3-bit register for signal <bitcount>.
    Found 1-bit register for signal <run>.
    Found 8-bit register for signal <prescaler>.
    Found 8-bit register for signal <divisor>.
    Found 8-bit register for signal <spi_cs>.
    Found 8-bit register for signal <sreg>.
    Found 1-bit register for signal <ilatch>.
    Found 32-bit register for signal <wb_dat_o>.
    Found 1-bit register for signal <ack>.
    Found 8-bit adder for signal <prescaler[7]_GND_35_o_add_2_OUT> created at line 57.
    Found 3-bit adder for signal <bitcount[2]_GND_35_o_add_6_OUT> created at line 63.
    Found 8-bit comparator equal for signal <prescaler[7]_divisor[7]_equal_4_o> created at line 58
    Summary:
	inferred   2 Adder/Subtractor(s).
	inferred  71 D-type flip-flop(s).
	inferred   1 Comparator(s).
	inferred   5 Multiplexer(s).
Unit <wb_spi> synthesized.

=========================================================================
HDL Synthesis Report

Macro Statistics
# RAMs                                                 : 3
 1024x32-bit single-port RAM                           : 1
 32x32-bit dual-port RAM                               : 2
# Multipliers                                          : 1
 32x32-bit multiplier                                  : 1
# Adders/Subtractors                                   : 19
 16-bit subtractor                                     : 1
 3-bit adder                                           : 2
 30-bit adder                                          : 2
 32-bit adder                                          : 2
 33-bit adder                                          : 2
 33-bit subtractor                                     : 3
 4-bit adder                                           : 4
 6-bit subtractor                                      : 1
 8-bit adder                                           : 2
# Registers                                            : 166
 1-bit register                                        : 93
 16-bit register                                       : 1
 2-bit register                                        : 3
 24-bit register                                       : 1
 3-bit register                                        : 4
 30-bit register                                       : 7
 32-bit register                                       : 33
 4-bit register                                        : 7
 5-bit register                                        : 3
 6-bit register                                        : 1
 8-bit register                                        : 13
# Comparators                                          : 12
 1-bit comparator equal                                : 1
 32-bit comparator equal                               : 3
 5-bit comparator equal                                : 6
 8-bit comparator equal                                : 2
# Multiplexers                                         : 148
 1-bit 2-to-1 multiplexer                              : 41
 1-bit 4-to-1 multiplexer                              : 32
 1-bit 8-to-1 multiplexer                              : 1
 16-bit 2-to-1 multiplexer                             : 1
 2-bit 2-to-1 multiplexer                              : 1
 3-bit 2-to-1 multiplexer                              : 2
 30-bit 2-to-1 multiplexer                             : 3
 32-bit 2-to-1 multiplexer                             : 48
 32-bit 3-to-1 multiplexer                             : 3
 32-bit 7-to-1 multiplexer                             : 1
 5-bit 2-to-1 multiplexer                              : 3
 6-bit 2-to-1 multiplexer                              : 1
 8-bit 2-to-1 multiplexer                              : 11
# Logic shifters                                       : 1
 64-bit shifter logical right                          : 1
# Tristates                                            : 8
 1-bit tristate buffer                                 : 8
# FSMs                                                 : 2

=========================================================================

=========================================================================
*                       Advanced HDL Synthesis                          *
=========================================================================

INFO:Xst:2261 - The FF/Latch <i_cyc_o> in Unit <instruction_unit> is equivalent to the following FF/Latch, which will be removed : <i_stb_o> 
INFO:Xst:2261 - The FF/Latch <wb_dat_o_8> in Unit <gpio0> is equivalent to the following 23 FFs/Latches, which will be removed : <wb_dat_o_9> <wb_dat_o_10> <wb_dat_o_11> <wb_dat_o_12> <wb_dat_o_13> <wb_dat_o_14> <wb_dat_o_15> <wb_dat_o_16> <wb_dat_o_17> <wb_dat_o_18> <wb_dat_o_19> <wb_dat_o_20> <wb_dat_o_21> <wb_dat_o_22> <wb_dat_o_23> <wb_dat_o_24> <wb_dat_o_25> <wb_dat_o_26> <wb_dat_o_27> <wb_dat_o_28> <wb_dat_o_29> <wb_dat_o_30> <wb_dat_o_31> 
WARNING:Xst:1710 - FF/Latch <wb_dat_o_31> (without init value) has a constant value of 0 in block <spi0>. This FF/Latch will be trimmed during the optimization process.
WARNING:Xst:1710 - FF/Latch <wb_dat_o_8> (without init value) has a constant value of 0 in block <spi1>. This FF/Latch will be trimmed during the optimization process.
WARNING:Xst:1710 - FF/Latch <wb_dat_o_9> (without init value) has a constant value of 0 in block <spi1>. This FF/Latch will be trimmed during the optimization process.
WARNING:Xst:1710 - FF/Latch <wb_dat_o_10> (without init value) has a constant value of 0 in block <spi1>. This FF/Latch will be trimmed during the optimization process.
WARNING:Xst:1710 - FF/Latch <wb_dat_o_11> (without init value) has a constant value of 0 in block <spi1>. This FF/Latch will be trimmed during the optimization process.
WARNING:Xst:1710 - FF/Latch <wb_dat_o_12> (without init value) has a constant value of 0 in block <spi1>. This FF/Latch will be trimmed during the optimization process.
WARNING:Xst:1710 - FF/Latch <wb_dat_o_13> (without init value) has a constant value of 0 in block <spi1>. This FF/Latch will be trimmed during the optimization process.
WARNING:Xst:1710 - FF/Latch <wb_dat_o_14> (without init value) has a constant value of 0 in block <spi1>. This FF/Latch will be trimmed during the optimization process.
WARNING:Xst:1710 - FF/Latch <wb_dat_o_15> (without init value) has a constant value of 0 in block <spi1>. This FF/Latch will be trimmed during the optimization process.
WARNING:Xst:1710 - FF/Latch <wb_dat_o_16> (without init value) has a constant value of 0 in block <spi1>. This FF/Latch will be trimmed during the optimization process.
WARNING:Xst:1710 - FF/Latch <wb_dat_o_17> (without init value) has a constant value of 0 in block <spi1>. This FF/Latch will be trimmed during the optimization process.
WARNING:Xst:1710 - FF/Latch <wb_dat_o_18> (without init value) has a constant value of 0 in block <spi1>. This FF/Latch will be trimmed during the optimization process.
WARNING:Xst:1710 - FF/Latch <wb_dat_o_19> (without init value) has a constant value of 0 in block <spi1>. This FF/Latch will be trimmed during the optimization process.
WARNING:Xst:1710 - FF/Latch <wb_dat_o_20> (without init value) has a constant value of 0 in block <spi1>. This FF/Latch will be trimmed during the optimization process.
WARNING:Xst:1710 - FF/Latch <wb_dat_o_21> (without init value) has a constant value of 0 in block <spi1>. This FF/Latch will be trimmed during the optimization process.
WARNING:Xst:1710 - FF/Latch <wb_dat_o_22> (without init value) has a constant value of 0 in block <spi1>. This FF/Latch will be trimmed during the optimization process.
WARNING:Xst:1710 - FF/Latch <wb_dat_o_23> (without init value) has a constant value of 0 in block <spi1>. This FF/Latch will be trimmed during the optimization process.
WARNING:Xst:1710 - FF/Latch <wb_dat_o_24> (without init value) has a constant value of 0 in block <spi1>. This FF/Latch will be trimmed during the optimization process.
WARNING:Xst:1710 - FF/Latch <wb_dat_o_25> (without init value) has a constant value of 0 in block <spi1>. This FF/Latch will be trimmed during the optimization process.
WARNING:Xst:1710 - FF/Latch <wb_dat_o_26> (without init value) has a constant value of 0 in block <spi1>. This FF/Latch will be trimmed during the optimization process.
WARNING:Xst:1710 - FF/Latch <wb_dat_o_27> (without init value) has a constant value of 0 in block <spi1>. This FF/Latch will be trimmed during the optimization process.
WARNING:Xst:1710 - FF/Latch <wb_dat_o_28> (without init value) has a constant value of 0 in block <spi1>. This FF/Latch will be trimmed during the optimization process.
WARNING:Xst:1710 - FF/Latch <wb_dat_o_29> (without init value) has a constant value of 0 in block <spi1>. This FF/Latch will be trimmed during the optimization process.
WARNING:Xst:1710 - FF/Latch <wb_dat_o_30> (without init value) has a constant value of 0 in block <spi1>. This FF/Latch will be trimmed during the optimization process.
WARNING:Xst:1710 - FF/Latch <wb_dat_o_31> (without init value) has a constant value of 0 in block <spi1>. This FF/Latch will be trimmed during the optimization process.
WARNING:Xst:1710 - FF/Latch <bus_error_x> (without init value) has a constant value of 0 in block <lm0>. This FF/Latch will be trimmed during the optimization process.
WARNING:Xst:1710 - FF/Latch <wb_dat_o_8> (without init value) has a constant value of 0 in block <gpio0>. This FF/Latch will be trimmed during the optimization process.
WARNING:Xst:1710 - FF/Latch <wb_dat_o_8> (without init value) has a constant value of 0 in block <spi0>. This FF/Latch will be trimmed during the optimization process.
WARNING:Xst:1710 - FF/Latch <wb_dat_o_9> (without init value) has a constant value of 0 in block <spi0>. This FF/Latch will be trimmed during the optimization process.
WARNING:Xst:1710 - FF/Latch <wb_dat_o_10> (without init value) has a constant value of 0 in block <spi0>. This FF/Latch will be trimmed during the optimization process.
WARNING:Xst:1710 - FF/Latch <wb_dat_o_11> (without init value) has a constant value of 0 in block <spi0>. This FF/Latch will be trimmed during the optimization process.
WARNING:Xst:1710 - FF/Latch <wb_dat_o_12> (without init value) has a constant value of 0 in block <spi0>. This FF/Latch will be trimmed during the optimization process.
WARNING:Xst:1710 - FF/Latch <wb_dat_o_13> (without init value) has a constant value of 0 in block <spi0>. This FF/Latch will be trimmed during the optimization process.
WARNING:Xst:1710 - FF/Latch <wb_dat_o_14> (without init value) has a constant value of 0 in block <spi0>. This FF/Latch will be trimmed during the optimization process.
WARNING:Xst:1710 - FF/Latch <wb_dat_o_15> (without init value) has a constant value of 0 in block <spi0>. This FF/Latch will be trimmed during the optimization process.
WARNING:Xst:1710 - FF/Latch <wb_dat_o_16> (without init value) has a constant value of 0 in block <spi0>. This FF/Latch will be trimmed during the optimization process.
WARNING:Xst:1710 - FF/Latch <wb_dat_o_17> (without init value) has a constant value of 0 in block <spi0>. This FF/Latch will be trimmed during the optimization process.
WARNING:Xst:1710 - FF/Latch <wb_dat_o_18> (without init value) has a constant value of 0 in block <spi0>. This FF/Latch will be trimmed during the optimization process.
WARNING:Xst:1710 - FF/Latch <wb_dat_o_19> (without init value) has a constant value of 0 in block <spi0>. This FF/Latch will be trimmed during the optimization process.
WARNING:Xst:1710 - FF/Latch <wb_dat_o_20> (without init value) has a constant value of 0 in block <spi0>. This FF/Latch will be trimmed during the optimization process.
WARNING:Xst:1710 - FF/Latch <wb_dat_o_21> (without init value) has a constant value of 0 in block <spi0>. This FF/Latch will be trimmed during the optimization process.
WARNING:Xst:1710 - FF/Latch <wb_dat_o_22> (without init value) has a constant value of 0 in block <spi0>. This FF/Latch will be trimmed during the optimization process.
WARNING:Xst:1710 - FF/Latch <wb_dat_o_23> (without init value) has a constant value of 0 in block <spi0>. This FF/Latch will be trimmed during the optimization process.
WARNING:Xst:1710 - FF/Latch <wb_dat_o_24> (without init value) has a constant value of 0 in block <spi0>. This FF/Latch will be trimmed during the optimization process.
WARNING:Xst:1710 - FF/Latch <wb_dat_o_25> (without init value) has a constant value of 0 in block <spi0>. This FF/Latch will be trimmed during the optimization process.
WARNING:Xst:1710 - FF/Latch <wb_dat_o_26> (without init value) has a constant value of 0 in block <spi0>. This FF/Latch will be trimmed during the optimization process.
WARNING:Xst:1710 - FF/Latch <wb_dat_o_27> (without init value) has a constant value of 0 in block <spi0>. This FF/Latch will be trimmed during the optimization process.
WARNING:Xst:1710 - FF/Latch <wb_dat_o_28> (without init value) has a constant value of 0 in block <spi0>. This FF/Latch will be trimmed during the optimization process.
WARNING:Xst:1710 - FF/Latch <wb_dat_o_29> (without init value) has a constant value of 0 in block <spi0>. This FF/Latch will be trimmed during the optimization process.
WARNING:Xst:1710 - FF/Latch <wb_dat_o_30> (without init value) has a constant value of 0 in block <spi0>. This FF/Latch will be trimmed during the optimization process.
WARNING:Xst:2677 - Node <i_adr_o_12> of sequential type is unconnected in block <instruction_unit>.
WARNING:Xst:2677 - Node <i_adr_o_13> of sequential type is unconnected in block <instruction_unit>.
WARNING:Xst:2677 - Node <i_adr_o_14> of sequential type is unconnected in block <instruction_unit>.
WARNING:Xst:2677 - Node <i_adr_o_15> of sequential type is unconnected in block <instruction_unit>.
WARNING:Xst:2677 - Node <i_adr_o_16> of sequential type is unconnected in block <instruction_unit>.
WARNING:Xst:2677 - Node <i_adr_o_17> of sequential type is unconnected in block <instruction_unit>.
WARNING:Xst:2677 - Node <i_adr_o_18> of sequential type is unconnected in block <instruction_unit>.
WARNING:Xst:2677 - Node <i_adr_o_19> of sequential type is unconnected in block <instruction_unit>.
WARNING:Xst:2677 - Node <i_adr_o_20> of sequential type is unconnected in block <instruction_unit>.
WARNING:Xst:2677 - Node <i_adr_o_21> of sequential type is unconnected in block <instruction_unit>.
WARNING:Xst:2677 - Node <i_adr_o_22> of sequential type is unconnected in block <instruction_unit>.
WARNING:Xst:2677 - Node <i_adr_o_23> of sequential type is unconnected in block <instruction_unit>.
WARNING:Xst:2677 - Node <i_adr_o_24> of sequential type is unconnected in block <instruction_unit>.
WARNING:Xst:2677 - Node <i_adr_o_25> of sequential type is unconnected in block <instruction_unit>.
WARNING:Xst:2677 - Node <i_adr_o_26> of sequential type is unconnected in block <instruction_unit>.
WARNING:Xst:2677 - Node <i_adr_o_27> of sequential type is unconnected in block <instruction_unit>.
WARNING:Xst:2677 - Node <i_adr_o_31> of sequential type is unconnected in block <instruction_unit>.
WARNING:Xst:2677 - Node <d_adr_o_12> of sequential type is unconnected in block <load_store_unit>.
WARNING:Xst:2677 - Node <d_adr_o_13> of sequential type is unconnected in block <load_store_unit>.
WARNING:Xst:2677 - Node <d_adr_o_14> of sequential type is unconnected in block <load_store_unit>.
WARNING:Xst:2677 - Node <d_adr_o_15> of sequential type is unconnected in block <load_store_unit>.
WARNING:Xst:2677 - Node <d_adr_o_16> of sequential type is unconnected in block <load_store_unit>.
WARNING:Xst:2677 - Node <d_adr_o_17> of sequential type is unconnected in block <load_store_unit>.
WARNING:Xst:2677 - Node <d_adr_o_18> of sequential type is unconnected in block <load_store_unit>.
WARNING:Xst:2677 - Node <d_adr_o_19> of sequential type is unconnected in block <load_store_unit>.
WARNING:Xst:2677 - Node <d_adr_o_20> of sequential type is unconnected in block <load_store_unit>.
WARNING:Xst:2677 - Node <d_adr_o_21> of sequential type is unconnected in block <load_store_unit>.
WARNING:Xst:2677 - Node <d_adr_o_22> of sequential type is unconnected in block <load_store_unit>.
WARNING:Xst:2677 - Node <d_adr_o_23> of sequential type is unconnected in block <load_store_unit>.
WARNING:Xst:2677 - Node <d_adr_o_24> of sequential type is unconnected in block <load_store_unit>.
WARNING:Xst:2677 - Node <d_adr_o_25> of sequential type is unconnected in block <load_store_unit>.
WARNING:Xst:2677 - Node <d_adr_o_26> of sequential type is unconnected in block <load_store_unit>.
WARNING:Xst:2677 - Node <d_adr_o_27> of sequential type is unconnected in block <load_store_unit>.
WARNING:Xst:2677 - Node <d_adr_o_31> of sequential type is unconnected in block <load_store_unit>.
WARNING:Xst:2677 - Node <spi_cs_1> of sequential type is unconnected in block <spi0>.
WARNING:Xst:2677 - Node <spi_cs_2> of sequential type is unconnected in block <spi0>.
WARNING:Xst:2677 - Node <spi_cs_3> of sequential type is unconnected in block <spi0>.
WARNING:Xst:2677 - Node <spi_cs_4> of sequential type is unconnected in block <spi0>.
WARNING:Xst:2677 - Node <spi_cs_5> of sequential type is unconnected in block <spi0>.
WARNING:Xst:2677 - Node <spi_cs_6> of sequential type is unconnected in block <spi0>.
WARNING:Xst:2677 - Node <spi_cs_7> of sequential type is unconnected in block <spi0>.
WARNING:Xst:2677 - Node <spi_cs_1> of sequential type is unconnected in block <spi1>.
WARNING:Xst:2677 - Node <spi_cs_2> of sequential type is unconnected in block <spi1>.
WARNING:Xst:2677 - Node <spi_cs_3> of sequential type is unconnected in block <spi1>.
WARNING:Xst:2677 - Node <spi_cs_4> of sequential type is unconnected in block <spi1>.
WARNING:Xst:2677 - Node <spi_cs_5> of sequential type is unconnected in block <spi1>.
WARNING:Xst:2677 - Node <spi_cs_6> of sequential type is unconnected in block <spi1>.
WARNING:Xst:2677 - Node <spi_cs_7> of sequential type is unconnected in block <spi1>.
WARNING:Xst:2404 -  FFs/Latches <wb_dat_o<31:8>> (without init value) have a constant value of 0 in block <wb_gpio>.

Synthesizing (advanced) Unit <lm32_cpu>.
INFO:Xst:3218 - HDL ADVISOR - The RAM <Mram_registers> will be implemented on LUTs either because you have described an asynchronous read or because of currently unsupported block RAM features. If you have described an asynchronous read, making it synchronous would allow you to take advantage of available block RAM resources, for optimized device usage and improved timings. Please refer to your documentation for coding guidelines.
    -----------------------------------------------------------------------
    | ram_type           | Distributed                         |          |
    -----------------------------------------------------------------------
    | Port A                                                              |
    |     aspect ratio   | 32-word x 32-bit                    |          |
    |     clkA           | connected to signal <clk_i>         | rise     |
    |     weA            | connected to signal <reg_write_enable_q_w> | high     |
    |     addrA          | connected to signal <write_idx_w>   |          |
    |     diA            | connected to signal <w_result>      |          |
    -----------------------------------------------------------------------
    | Port B                                                              |
    |     aspect ratio   | 32-word x 32-bit                    |          |
    |     addrB          | connected to signal <read_idx_0_d>  |          |
    |     doB            | connected to signal <reg_data_0>    |          |
    -----------------------------------------------------------------------
INFO:Xst:3218 - HDL ADVISOR - The RAM <Mram_registers1> will be implemented on LUTs either because you have described an asynchronous read or because of currently unsupported block RAM features. If you have described an asynchronous read, making it synchronous would allow you to take advantage of available block RAM resources, for optimized device usage and improved timings. Please refer to your documentation for coding guidelines.
    -----------------------------------------------------------------------
    | ram_type           | Distributed                         |          |
    -----------------------------------------------------------------------
    | Port A                                                              |
    |     aspect ratio   | 32-word x 32-bit                    |          |
    |     clkA           | connected to signal <clk_i>         | rise     |
    |     weA            | connected to signal <reg_write_enable_q_w> | high     |
    |     addrA          | connected to signal <write_idx_w>   |          |
    |     diA            | connected to signal <w_result>      |          |
    -----------------------------------------------------------------------
    | Port B                                                              |
    |     aspect ratio   | 32-word x 32-bit                    |          |
    |     addrB          | connected to signal <read_idx_1_d>  |          |
    |     doB            | connected to signal <reg_data_1>    |          |
    -----------------------------------------------------------------------
Unit <lm32_cpu> synthesized (advanced).

Synthesizing (advanced) Unit <lm32_mc_arithmetic>.
The following registers are absorbed into counter <cycles>: 1 register on signal <cycles>.
Unit <lm32_mc_arithmetic> synthesized (advanced).

Synthesizing (advanced) Unit <uart>.
The following registers are absorbed into counter <enable16_counter>: 1 register on signal <enable16_counter>.
The following registers are absorbed into counter <rx_count16>: 1 register on signal <rx_count16>.
The following registers are absorbed into counter <rx_bitcount>: 1 register on signal <rx_bitcount>.
The following registers are absorbed into counter <tx_count16>: 1 register on signal <tx_count16>.
The following registers are absorbed into counter <tx_bitcount>: 1 register on signal <tx_bitcount>.
Unit <uart> synthesized (advanced).

Synthesizing (advanced) Unit <wb_bram>.
INFO:Xst:3226 - The RAM <Mram_ram> will be implemented as a BLOCK RAM, absorbing the following register(s): <wb_dat_o>
    -----------------------------------------------------------------------
    | ram_type           | Block                               |          |
    -----------------------------------------------------------------------
    | Port A                                                              |
    |     aspect ratio   | 1024-word x 32-bit                  |          |
    |     mode           | read-first                          |          |
    |     clkA           | connected to signal <clk_i>         | rise     |
    |     enA            | connected to internal node          | high     |
    |     weA            | connected to signal <wb_we_i>       | high     |
    |     addrA          | connected to signal <wb_adr_i>      |          |
    |     diA            | connected to signal <wb_dat_i>      |          |
    |     doA            | connected to signal <wb_dat_o>      |          |
    -----------------------------------------------------------------------
    | optimization       | area                                |          |
    -----------------------------------------------------------------------
Unit <wb_bram> synthesized (advanced).

Synthesizing (advanced) Unit <wb_spi>.
The following registers are absorbed into counter <prescaler>: 1 register on signal <prescaler>.
The following registers are absorbed into counter <bitcount>: 1 register on signal <bitcount>.
Unit <wb_spi> synthesized (advanced).

=========================================================================
Advanced HDL Synthesis Report

Macro Statistics
# RAMs                                                 : 3
 1024x32-bit single-port block RAM                     : 1
 32x32-bit dual-port distributed RAM                   : 2
# Multipliers                                          : 1
 32x32-bit multiplier                                  : 1
# Adders/Subtractors                                   : 7
 30-bit adder                                          : 2
 32-bit adder                                          : 2
 33-bit adder carry in                                 : 1
 33-bit subtractor                                     : 1
 33-bit subtractor borrow in                           : 1
# Counters                                             : 10
 16-bit down counter                                   : 1
 3-bit up counter                                      : 2
 4-bit up counter                                      : 4
 6-bit down counter                                    : 1
 8-bit up counter                                      : 2
# Registers                                            : 1454
 Flip-Flops                                            : 1454
# Comparators                                          : 12
 1-bit comparator equal                                : 1
 32-bit comparator equal                               : 3
 5-bit comparator equal                                : 6
 8-bit comparator equal                                : 2
# Multiplexers                                         : 295
 1-bit 2-to-1 multiplexer                              : 200
 1-bit 4-to-1 multiplexer                              : 32
 1-bit 8-to-1 multiplexer                              : 1
 2-bit 2-to-1 multiplexer                              : 1
 3-bit 2-to-1 multiplexer                              : 2
 30-bit 2-to-1 multiplexer                             : 3
 32-bit 2-to-1 multiplexer                             : 44
 32-bit 3-to-1 multiplexer                             : 3
 32-bit 7-to-1 multiplexer                             : 1
 5-bit 2-to-1 multiplexer                              : 3
 8-bit 2-to-1 multiplexer                              : 5
# Logic shifters                                       : 1
 64-bit shifter logical right                          : 1
# FSMs                                                 : 2

=========================================================================

=========================================================================
*                         Low Level Synthesis                           *
=========================================================================
WARNING:Xst:1710 - FF/Latch <wb_dat_o_31> (without init value) has a constant value of 0 in block <wb_spi>. This FF/Latch will be trimmed during the optimization process.
WARNING:Xst:1895 - Due to other FF/Latch trimming, FF/Latch <wb_dat_o_30> (without init value) has a constant value of 0 in block <wb_spi>. This FF/Latch will be trimmed during the optimization process.
WARNING:Xst:1895 - Due to other FF/Latch trimming, FF/Latch <wb_dat_o_29> (without init value) has a constant value of 0 in block <wb_spi>. This FF/Latch will be trimmed during the optimization process.
WARNING:Xst:1895 - Due to other FF/Latch trimming, FF/Latch <wb_dat_o_28> (without init value) has a constant value of 0 in block <wb_spi>. This FF/Latch will be trimmed during the optimization process.
WARNING:Xst:1895 - Due to other FF/Latch trimming, FF/Latch <wb_dat_o_27> (without init value) has a constant value of 0 in block <wb_spi>. This FF/Latch will be trimmed during the optimization process.
WARNING:Xst:1895 - Due to other FF/Latch trimming, FF/Latch <wb_dat_o_26> (without init value) has a constant value of 0 in block <wb_spi>. This FF/Latch will be trimmed during the optimization process.
WARNING:Xst:1895 - Due to other FF/Latch trimming, FF/Latch <wb_dat_o_25> (without init value) has a constant value of 0 in block <wb_spi>. This FF/Latch will be trimmed during the optimization process.
WARNING:Xst:1895 - Due to other FF/Latch trimming, FF/Latch <wb_dat_o_24> (without init value) has a constant value of 0 in block <wb_spi>. This FF/Latch will be trimmed during the optimization process.
WARNING:Xst:1895 - Due to other FF/Latch trimming, FF/Latch <wb_dat_o_23> (without init value) has a constant value of 0 in block <wb_spi>. This FF/Latch will be trimmed during the optimization process.
WARNING:Xst:1895 - Due to other FF/Latch trimming, FF/Latch <wb_dat_o_22> (without init value) has a constant value of 0 in block <wb_spi>. This FF/Latch will be trimmed during the optimization process.
WARNING:Xst:1895 - Due to other FF/Latch trimming, FF/Latch <wb_dat_o_21> (without init value) has a constant value of 0 in block <wb_spi>. This FF/Latch will be trimmed during the optimization process.
WARNING:Xst:1895 - Due to other FF/Latch trimming, FF/Latch <wb_dat_o_20> (without init value) has a constant value of 0 in block <wb_spi>. This FF/Latch will be trimmed during the optimization process.
WARNING:Xst:1895 - Due to other FF/Latch trimming, FF/Latch <wb_dat_o_19> (without init value) has a constant value of 0 in block <wb_spi>. This FF/Latch will be trimmed during the optimization process.
WARNING:Xst:1895 - Due to other FF/Latch trimming, FF/Latch <wb_dat_o_18> (without init value) has a constant value of 0 in block <wb_spi>. This FF/Latch will be trimmed during the optimization process.
WARNING:Xst:1895 - Due to other FF/Latch trimming, FF/Latch <wb_dat_o_17> (without init value) has a constant value of 0 in block <wb_spi>. This FF/Latch will be trimmed during the optimization process.
WARNING:Xst:1895 - Due to other FF/Latch trimming, FF/Latch <wb_dat_o_16> (without init value) has a constant value of 0 in block <wb_spi>. This FF/Latch will be trimmed during the optimization process.
WARNING:Xst:1895 - Due to other FF/Latch trimming, FF/Latch <wb_dat_o_15> (without init value) has a constant value of 0 in block <wb_spi>. This FF/Latch will be trimmed during the optimization process.
WARNING:Xst:1895 - Due to other FF/Latch trimming, FF/Latch <wb_dat_o_14> (without init value) has a constant value of 0 in block <wb_spi>. This FF/Latch will be trimmed during the optimization process.
WARNING:Xst:1895 - Due to other FF/Latch trimming, FF/Latch <wb_dat_o_13> (without init value) has a constant value of 0 in block <wb_spi>. This FF/Latch will be trimmed during the optimization process.
WARNING:Xst:1895 - Due to other FF/Latch trimming, FF/Latch <wb_dat_o_12> (without init value) has a constant value of 0 in block <wb_spi>. This FF/Latch will be trimmed during the optimization process.
WARNING:Xst:1895 - Due to other FF/Latch trimming, FF/Latch <wb_dat_o_11> (without init value) has a constant value of 0 in block <wb_spi>. This FF/Latch will be trimmed during the optimization process.
WARNING:Xst:1895 - Due to other FF/Latch trimming, FF/Latch <wb_dat_o_10> (without init value) has a constant value of 0 in block <wb_spi>. This FF/Latch will be trimmed during the optimization process.
WARNING:Xst:1895 - Due to other FF/Latch trimming, FF/Latch <wb_dat_o_9> (without init value) has a constant value of 0 in block <wb_spi>. This FF/Latch will be trimmed during the optimization process.
WARNING:Xst:1895 - Due to other FF/Latch trimming, FF/Latch <wb_dat_o_8> (without init value) has a constant value of 0 in block <wb_spi>. This FF/Latch will be trimmed during the optimization process.
INFO:Xst:2261 - The FF/Latch <i_cyc_o> in Unit <lm32_instruction_unit> is equivalent to the following FF/Latch, which will be removed : <i_stb_o> 
Analyzing FSM <MFsm> for best encoding.
Optimizing FSM <conbus0/FSM_0> on signal <state[1:3]> with gray encoding.
---------------------
 State   | Encoding
---------------------
 0000001 | 000
 0000010 | 001
 0000100 | 011
 0001000 | 010
 0010000 | 110
 0100000 | 111
 1000000 | 101
---------------------
Analyzing FSM <MFsm> for best encoding.
Optimizing FSM <lm0/mc_arithmetic/FSM_1> on signal <state[1:2]> with sequential encoding.
-------------------
 State | Encoding
-------------------
 000   | 00
 011   | 01
 010   | 10
-------------------
WARNING:Xst:2677 - Node <Mmult_n00193> of sequential type is unconnected in block <lm32_multiplier>.
WARNING:Xst:1710 - FF/Latch <conbus_arb/state_FSM_FFd1> (without init value) has a constant value of 0 in block <conbus>. This FF/Latch will be trimmed during the optimization process.
WARNING:Xst:1710 - FF/Latch <conbus_arb/state_FSM_FFd2> (without init value) has a constant value of 0 in block <conbus>. This FF/Latch will be trimmed during the optimization process.
WARNING:Xst:1710 - FF/Latch <i_adr_o_0> (without init value) has a constant value of 0 in block <lm32_instruction_unit>. This FF/Latch will be trimmed during the optimization process.
WARNING:Xst:1895 - Due to other FF/Latch trimming, FF/Latch <i_adr_o_1> (without init value) has a constant value of 0 in block <lm32_instruction_unit>. This FF/Latch will be trimmed during the optimization process.

Optimizing unit <system> ...

Optimizing unit <conbus> ...

Optimizing unit <lm32_cpu> ...

Optimizing unit <lm32_interrupt> ...
WARNING:Xst:1710 - FF/Latch <ip_31> (without init value) has a constant value of 0 in block <lm32_interrupt>. This FF/Latch will be trimmed during the optimization process.
WARNING:Xst:1895 - Due to other FF/Latch trimming, FF/Latch <ip_30> (without init value) has a constant value of 0 in block <lm32_interrupt>. This FF/Latch will be trimmed during the optimization process.
WARNING:Xst:1895 - Due to other FF/Latch trimming, FF/Latch <ip_29> (without init value) has a constant value of 0 in block <lm32_interrupt>. This FF/Latch will be trimmed during the optimization process.
WARNING:Xst:1895 - Due to other FF/Latch trimming, FF/Latch <ip_28> (without init value) has a constant value of 0 in block <lm32_interrupt>. This FF/Latch will be trimmed during the optimization process.
WARNING:Xst:1895 - Due to other FF/Latch trimming, FF/Latch <ip_27> (without init value) has a constant value of 0 in block <lm32_interrupt>. This FF/Latch will be trimmed during the optimization process.
WARNING:Xst:1895 - Due to other FF/Latch trimming, FF/Latch <ip_26> (without init value) has a constant value of 0 in block <lm32_interrupt>. This FF/Latch will be trimmed during the optimization process.
WARNING:Xst:1895 - Due to other FF/Latch trimming, FF/Latch <ip_25> (without init value) has a constant value of 0 in block <lm32_interrupt>. This FF/Latch will be trimmed during the optimization process.
WARNING:Xst:1895 - Due to other FF/Latch trimming, FF/Latch <ip_24> (without init value) has a constant value of 0 in block <lm32_interrupt>. This FF/Latch will be trimmed during the optimization process.
WARNING:Xst:1895 - Due to other FF/Latch trimming, FF/Latch <ip_23> (without init value) has a constant value of 0 in block <lm32_interrupt>. This FF/Latch will be trimmed during the optimization process.
WARNING:Xst:1895 - Due to other FF/Latch trimming, FF/Latch <ip_22> (without init value) has a constant value of 0 in block <lm32_interrupt>. This FF/Latch will be trimmed during the optimization process.
WARNING:Xst:1895 - Due to other FF/Latch trimming, FF/Latch <ip_21> (without init value) has a constant value of 0 in block <lm32_interrupt>. This FF/Latch will be trimmed during the optimization process.
WARNING:Xst:1895 - Due to other FF/Latch trimming, FF/Latch <ip_20> (without init value) has a constant value of 0 in block <lm32_interrupt>. This FF/Latch will be trimmed during the optimization process.
WARNING:Xst:1895 - Due to other FF/Latch trimming, FF/Latch <ip_19> (without init value) has a constant value of 0 in block <lm32_interrupt>. This FF/Latch will be trimmed during the optimization process.
WARNING:Xst:1895 - Due to other FF/Latch trimming, FF/Latch <ip_18> (without init value) has a constant value of 0 in block <lm32_interrupt>. This FF/Latch will be trimmed during the optimization process.
WARNING:Xst:1895 - Due to other FF/Latch trimming, FF/Latch <ip_17> (without init value) has a constant value of 0 in block <lm32_interrupt>. This FF/Latch will be trimmed during the optimization process.
WARNING:Xst:1895 - Due to other FF/Latch trimming, FF/Latch <ip_16> (without init value) has a constant value of 0 in block <lm32_interrupt>. This FF/Latch will be trimmed during the optimization process.
WARNING:Xst:1895 - Due to other FF/Latch trimming, FF/Latch <ip_15> (without init value) has a constant value of 0 in block <lm32_interrupt>. This FF/Latch will be trimmed during the optimization process.
WARNING:Xst:1895 - Due to other FF/Latch trimming, FF/Latch <ip_14> (without init value) has a constant value of 0 in block <lm32_interrupt>. This FF/Latch will be trimmed during the optimization process.
WARNING:Xst:1895 - Due to other FF/Latch trimming, FF/Latch <ip_13> (without init value) has a constant value of 0 in block <lm32_interrupt>. This FF/Latch will be trimmed during the optimization process.
WARNING:Xst:1895 - Due to other FF/Latch trimming, FF/Latch <ip_12> (without init value) has a constant value of 0 in block <lm32_interrupt>. This FF/Latch will be trimmed during the optimization process.
WARNING:Xst:1895 - Due to other FF/Latch trimming, FF/Latch <ip_11> (without init value) has a constant value of 0 in block <lm32_interrupt>. This FF/Latch will be trimmed during the optimization process.
WARNING:Xst:1895 - Due to other FF/Latch trimming, FF/Latch <ip_10> (without init value) has a constant value of 0 in block <lm32_interrupt>. This FF/Latch will be trimmed during the optimization process.
WARNING:Xst:1895 - Due to other FF/Latch trimming, FF/Latch <ip_9> (without init value) has a constant value of 0 in block <lm32_interrupt>. This FF/Latch will be trimmed during the optimization process.
WARNING:Xst:1895 - Due to other FF/Latch trimming, FF/Latch <ip_8> (without init value) has a constant value of 0 in block <lm32_interrupt>. This FF/Latch will be trimmed during the optimization process.
WARNING:Xst:1895 - Due to other FF/Latch trimming, FF/Latch <ip_7> (without init value) has a constant value of 0 in block <lm32_interrupt>. This FF/Latch will be trimmed during the optimization process.
WARNING:Xst:1895 - Due to other FF/Latch trimming, FF/Latch <ip_6> (without init value) has a constant value of 0 in block <lm32_interrupt>. This FF/Latch will be trimmed during the optimization process.
WARNING:Xst:1895 - Due to other FF/Latch trimming, FF/Latch <ip_5> (without init value) has a constant value of 0 in block <lm32_interrupt>. This FF/Latch will be trimmed during the optimization process.
WARNING:Xst:1895 - Due to other FF/Latch trimming, FF/Latch <ip_4> (without init value) has a constant value of 0 in block <lm32_interrupt>. This FF/Latch will be trimmed during the optimization process.
WARNING:Xst:1895 - Due to other FF/Latch trimming, FF/Latch <ip_2> (without init value) has a constant value of 0 in block <lm32_interrupt>. This FF/Latch will be trimmed during the optimization process.
WARNING:Xst:1895 - Due to other FF/Latch trimming, FF/Latch <ip_0> (without init value) has a constant value of 0 in block <lm32_interrupt>. This FF/Latch will be trimmed during the optimization process.
WARNING:Xst:1710 - FF/Latch <ip_31> (without init value) has a constant value of 0 in block <lm32_interrupt>. This FF/Latch will be trimmed during the optimization process.
WARNING:Xst:1895 - Due to other FF/Latch trimming, FF/Latch <ip_30> (without init value) has a constant value of 0 in block <lm32_interrupt>. This FF/Latch will be trimmed during the optimization process.
WARNING:Xst:1895 - Due to other FF/Latch trimming, FF/Latch <ip_29> (without init value) has a constant value of 0 in block <lm32_interrupt>. This FF/Latch will be trimmed during the optimization process.
WARNING:Xst:1895 - Due to other FF/Latch trimming, FF/Latch <ip_28> (without init value) has a constant value of 0 in block <lm32_interrupt>. This FF/Latch will be trimmed during the optimization process.
WARNING:Xst:1895 - Due to other FF/Latch trimming, FF/Latch <ip_27> (without init value) has a constant value of 0 in block <lm32_interrupt>. This FF/Latch will be trimmed during the optimization process.
WARNING:Xst:1895 - Due to other FF/Latch trimming, FF/Latch <ip_26> (without init value) has a constant value of 0 in block <lm32_interrupt>. This FF/Latch will be trimmed during the optimization process.
WARNING:Xst:1895 - Due to other FF/Latch trimming, FF/Latch <ip_25> (without init value) has a constant value of 0 in block <lm32_interrupt>. This FF/Latch will be trimmed during the optimization process.
WARNING:Xst:1895 - Due to other FF/Latch trimming, FF/Latch <ip_24> (without init value) has a constant value of 0 in block <lm32_interrupt>. This FF/Latch will be trimmed during the optimization process.
WARNING:Xst:1895 - Due to other FF/Latch trimming, FF/Latch <ip_23> (without init value) has a constant value of 0 in block <lm32_interrupt>. This FF/Latch will be trimmed during the optimization process.
WARNING:Xst:1895 - Due to other FF/Latch trimming, FF/Latch <ip_22> (without init value) has a constant value of 0 in block <lm32_interrupt>. This FF/Latch will be trimmed during the optimization process.
WARNING:Xst:1895 - Due to other FF/Latch trimming, FF/Latch <ip_21> (without init value) has a constant value of 0 in block <lm32_interrupt>. This FF/Latch will be trimmed during the optimization process.
WARNING:Xst:1895 - Due to other FF/Latch trimming, FF/Latch <ip_20> (without init value) has a constant value of 0 in block <lm32_interrupt>. This FF/Latch will be trimmed during the optimization process.
WARNING:Xst:1895 - Due to other FF/Latch trimming, FF/Latch <ip_19> (without init value) has a constant value of 0 in block <lm32_interrupt>. This FF/Latch will be trimmed during the optimization process.
WARNING:Xst:1895 - Due to other FF/Latch trimming, FF/Latch <ip_18> (without init value) has a constant value of 0 in block <lm32_interrupt>. This FF/Latch will be trimmed during the optimization process.
WARNING:Xst:1895 - Due to other FF/Latch trimming, FF/Latch <ip_17> (without init value) has a constant value of 0 in block <lm32_interrupt>. This FF/Latch will be trimmed during the optimization process.
WARNING:Xst:1895 - Due to other FF/Latch trimming, FF/Latch <ip_16> (without init value) has a constant value of 0 in block <lm32_interrupt>. This FF/Latch will be trimmed during the optimization process.
WARNING:Xst:1895 - Due to other FF/Latch trimming, FF/Latch <ip_15> (without init value) has a constant value of 0 in block <lm32_interrupt>. This FF/Latch will be trimmed during the optimization process.
WARNING:Xst:1895 - Due to other FF/Latch trimming, FF/Latch <ip_14> (without init value) has a constant value of 0 in block <lm32_interrupt>. This FF/Latch will be trimmed during the optimization process.
WARNING:Xst:1895 - Due to other FF/Latch trimming, FF/Latch <ip_13> (without init value) has a constant value of 0 in block <lm32_interrupt>. This FF/Latch will be trimmed during the optimization process.
WARNING:Xst:1895 - Due to other FF/Latch trimming, FF/Latch <ip_12> (without init value) has a constant value of 0 in block <lm32_interrupt>. This FF/Latch will be trimmed during the optimization process.
WARNING:Xst:1895 - Due to other FF/Latch trimming, FF/Latch <ip_11> (without init value) has a constant value of 0 in block <lm32_interrupt>. This FF/Latch will be trimmed during the optimization process.
WARNING:Xst:1895 - Due to other FF/Latch trimming, FF/Latch <ip_10> (without init value) has a constant value of 0 in block <lm32_interrupt>. This FF/Latch will be trimmed during the optimization process.
WARNING:Xst:1895 - Due to other FF/Latch trimming, FF/Latch <ip_9> (without init value) has a constant value of 0 in block <lm32_interrupt>. This FF/Latch will be trimmed during the optimization process.
WARNING:Xst:1895 - Due to other FF/Latch trimming, FF/Latch <ip_8> (without init value) has a constant value of 0 in block <lm32_interrupt>. This FF/Latch will be trimmed during the optimization process.
WARNING:Xst:1895 - Due to other FF/Latch trimming, FF/Latch <ip_7> (without init value) has a constant value of 0 in block <lm32_interrupt>. This FF/Latch will be trimmed during the optimization process.
WARNING:Xst:1895 - Due to other FF/Latch trimming, FF/Latch <ip_6> (without init value) has a constant value of 0 in block <lm32_interrupt>. This FF/Latch will be trimmed during the optimization process.
WARNING:Xst:1895 - Due to other FF/Latch trimming, FF/Latch <ip_5> (without init value) has a constant value of 0 in block <lm32_interrupt>. This FF/Latch will be trimmed during the optimization process.
WARNING:Xst:1895 - Due to other FF/Latch trimming, FF/Latch <ip_4> (without init value) has a constant value of 0 in block <lm32_interrupt>. This FF/Latch will be trimmed during the optimization process.
WARNING:Xst:1895 - Due to other FF/Latch trimming, FF/Latch <ip_2> (without init value) has a constant value of 0 in block <lm32_interrupt>. This FF/Latch will be trimmed during the optimization process.
WARNING:Xst:1895 - Due to other FF/Latch trimming, FF/Latch <ip_0> (without init value) has a constant value of 0 in block <lm32_interrupt>. This FF/Latch will be trimmed during the optimization process.

Optimizing unit <lm32_instruction_unit> ...

Optimizing unit <lm32_load_store_unit> ...
INFO:Xst:2261 - The FF/Latch <d_stb_o> in Unit <lm32_load_store_unit> is equivalent to the following FF/Latch, which will be removed : <d_cyc_o> 

Optimizing unit <lm32_shifter> ...

Optimizing unit <lm32_multiplier> ...

Optimizing unit <lm32_mc_arithmetic> ...

Optimizing unit <lm32_decoder> ...

Optimizing unit <wb_uart> ...

Optimizing unit <uart> ...

Optimizing unit <wb_timer> ...

Optimizing unit <wb_spi> ...
WARNING:Xst:1710 - FF/Latch <lm0/bus_error_x> (without init value) has a constant value of 0 in block <system>. This FF/Latch will be trimmed during the optimization process.
WARNING:Xst:2677 - Node <lm0/instruction_unit/pc_w_31> of sequential type is unconnected in block <system>.
WARNING:Xst:2677 - Node <lm0/instruction_unit/pc_w_30> of sequential type is unconnected in block <system>.
WARNING:Xst:2677 - Node <lm0/instruction_unit/pc_w_29> of sequential type is unconnected in block <system>.
WARNING:Xst:2677 - Node <lm0/instruction_unit/pc_w_28> of sequential type is unconnected in block <system>.
WARNING:Xst:2677 - Node <lm0/instruction_unit/pc_w_27> of sequential type is unconnected in block <system>.
WARNING:Xst:2677 - Node <lm0/instruction_unit/pc_w_26> of sequential type is unconnected in block <system>.
WARNING:Xst:2677 - Node <lm0/instruction_unit/pc_w_25> of sequential type is unconnected in block <system>.
WARNING:Xst:2677 - Node <lm0/instruction_unit/pc_w_24> of sequential type is unconnected in block <system>.
WARNING:Xst:2677 - Node <lm0/instruction_unit/pc_w_23> of sequential type is unconnected in block <system>.
WARNING:Xst:2677 - Node <lm0/instruction_unit/pc_w_22> of sequential type is unconnected in block <system>.
WARNING:Xst:2677 - Node <lm0/instruction_unit/pc_w_21> of sequential type is unconnected in block <system>.
WARNING:Xst:2677 - Node <lm0/instruction_unit/pc_w_20> of sequential type is unconnected in block <system>.
WARNING:Xst:2677 - Node <lm0/instruction_unit/pc_w_19> of sequential type is unconnected in block <system>.
WARNING:Xst:2677 - Node <lm0/instruction_unit/pc_w_18> of sequential type is unconnected in block <system>.
WARNING:Xst:2677 - Node <lm0/instruction_unit/pc_w_17> of sequential type is unconnected in block <system>.
WARNING:Xst:2677 - Node <lm0/instruction_unit/pc_w_16> of sequential type is unconnected in block <system>.
WARNING:Xst:2677 - Node <lm0/instruction_unit/pc_w_15> of sequential type is unconnected in block <system>.
WARNING:Xst:2677 - Node <lm0/instruction_unit/pc_w_14> of sequential type is unconnected in block <system>.
WARNING:Xst:2677 - Node <lm0/instruction_unit/pc_w_13> of sequential type is unconnected in block <system>.
WARNING:Xst:2677 - Node <lm0/instruction_unit/pc_w_12> of sequential type is unconnected in block <system>.
WARNING:Xst:2677 - Node <lm0/instruction_unit/pc_w_11> of sequential type is unconnected in block <system>.
WARNING:Xst:2677 - Node <lm0/instruction_unit/pc_w_10> of sequential type is unconnected in block <system>.
WARNING:Xst:2677 - Node <lm0/instruction_unit/pc_w_9> of sequential type is unconnected in block <system>.
WARNING:Xst:2677 - Node <lm0/instruction_unit/pc_w_8> of sequential type is unconnected in block <system>.
WARNING:Xst:2677 - Node <lm0/instruction_unit/pc_w_7> of sequential type is unconnected in block <system>.
WARNING:Xst:2677 - Node <lm0/instruction_unit/pc_w_6> of sequential type is unconnected in block <system>.
WARNING:Xst:2677 - Node <lm0/instruction_unit/pc_w_5> of sequential type is unconnected in block <system>.
WARNING:Xst:2677 - Node <lm0/instruction_unit/pc_w_4> of sequential type is unconnected in block <system>.
WARNING:Xst:2677 - Node <lm0/instruction_unit/pc_w_3> of sequential type is unconnected in block <system>.
WARNING:Xst:2677 - Node <lm0/instruction_unit/pc_w_2> of sequential type is unconnected in block <system>.
WARNING:Xst:2677 - Node <lm0/instruction_unit/i_adr_o_31> of sequential type is unconnected in block <system>.
WARNING:Xst:2677 - Node <lm0/instruction_unit/i_adr_o_27> of sequential type is unconnected in block <system>.
WARNING:Xst:2677 - Node <lm0/instruction_unit/i_adr_o_26> of sequential type is unconnected in block <system>.
WARNING:Xst:2677 - Node <lm0/instruction_unit/i_adr_o_25> of sequential type is unconnected in block <system>.
WARNING:Xst:2677 - Node <lm0/instruction_unit/i_adr_o_24> of sequential type is unconnected in block <system>.
WARNING:Xst:2677 - Node <lm0/instruction_unit/i_adr_o_23> of sequential type is unconnected in block <system>.
WARNING:Xst:2677 - Node <lm0/instruction_unit/i_adr_o_22> of sequential type is unconnected in block <system>.
WARNING:Xst:2677 - Node <lm0/instruction_unit/i_adr_o_21> of sequential type is unconnected in block <system>.
WARNING:Xst:2677 - Node <lm0/instruction_unit/i_adr_o_20> of sequential type is unconnected in block <system>.
WARNING:Xst:2677 - Node <lm0/instruction_unit/i_adr_o_19> of sequential type is unconnected in block <system>.
WARNING:Xst:2677 - Node <lm0/instruction_unit/i_adr_o_18> of sequential type is unconnected in block <system>.
WARNING:Xst:2677 - Node <lm0/instruction_unit/i_adr_o_17> of sequential type is unconnected in block <system>.
WARNING:Xst:2677 - Node <lm0/instruction_unit/i_adr_o_16> of sequential type is unconnected in block <system>.
WARNING:Xst:2677 - Node <lm0/instruction_unit/i_adr_o_15> of sequential type is unconnected in block <system>.
WARNING:Xst:2677 - Node <lm0/instruction_unit/i_adr_o_14> of sequential type is unconnected in block <system>.
WARNING:Xst:2677 - Node <lm0/instruction_unit/i_adr_o_13> of sequential type is unconnected in block <system>.
WARNING:Xst:2677 - Node <lm0/instruction_unit/i_adr_o_12> of sequential type is unconnected in block <system>.
WARNING:Xst:2677 - Node <lm0/load_store_unit/d_sel_o_3> of sequential type is unconnected in block <system>.
WARNING:Xst:2677 - Node <lm0/load_store_unit/d_sel_o_2> of sequential type is unconnected in block <system>.
WARNING:Xst:2677 - Node <lm0/load_store_unit/d_sel_o_1> of sequential type is unconnected in block <system>.
WARNING:Xst:2677 - Node <lm0/load_store_unit/d_sel_o_0> of sequential type is unconnected in block <system>.
WARNING:Xst:2677 - Node <lm0/load_store_unit/byte_enable_m_3> of sequential type is unconnected in block <system>.
WARNING:Xst:2677 - Node <lm0/load_store_unit/byte_enable_m_2> of sequential type is unconnected in block <system>.
WARNING:Xst:2677 - Node <lm0/load_store_unit/byte_enable_m_1> of sequential type is unconnected in block <system>.
WARNING:Xst:2677 - Node <lm0/load_store_unit/byte_enable_m_0> of sequential type is unconnected in block <system>.
WARNING:Xst:2677 - Node <lm0/load_store_unit/d_adr_o_31> of sequential type is unconnected in block <system>.
WARNING:Xst:2677 - Node <lm0/load_store_unit/d_adr_o_27> of sequential type is unconnected in block <system>.
WARNING:Xst:2677 - Node <lm0/load_store_unit/d_adr_o_26> of sequential type is unconnected in block <system>.
WARNING:Xst:2677 - Node <lm0/load_store_unit/d_adr_o_25> of sequential type is unconnected in block <system>.
WARNING:Xst:2677 - Node <lm0/load_store_unit/d_adr_o_24> of sequential type is unconnected in block <system>.
WARNING:Xst:2677 - Node <lm0/load_store_unit/d_adr_o_23> of sequential type is unconnected in block <system>.
WARNING:Xst:2677 - Node <lm0/load_store_unit/d_adr_o_22> of sequential type is unconnected in block <system>.
WARNING:Xst:2677 - Node <lm0/load_store_unit/d_adr_o_21> of sequential type is unconnected in block <system>.
WARNING:Xst:2677 - Node <lm0/load_store_unit/d_adr_o_20> of sequential type is unconnected in block <system>.
WARNING:Xst:2677 - Node <lm0/load_store_unit/d_adr_o_19> of sequential type is unconnected in block <system>.
WARNING:Xst:2677 - Node <lm0/load_store_unit/d_adr_o_18> of sequential type is unconnected in block <system>.
WARNING:Xst:2677 - Node <lm0/load_store_unit/d_adr_o_17> of sequential type is unconnected in block <system>.
WARNING:Xst:2677 - Node <lm0/load_store_unit/d_adr_o_16> of sequential type is unconnected in block <system>.
WARNING:Xst:2677 - Node <lm0/load_store_unit/d_adr_o_15> of sequential type is unconnected in block <system>.
WARNING:Xst:2677 - Node <lm0/load_store_unit/d_adr_o_14> of sequential type is unconnected in block <system>.
WARNING:Xst:2677 - Node <lm0/load_store_unit/d_adr_o_13> of sequential type is unconnected in block <system>.
WARNING:Xst:2677 - Node <lm0/load_store_unit/d_adr_o_12> of sequential type is unconnected in block <system>.
WARNING:Xst:2677 - Node <spi1/spi_cs_7> of sequential type is unconnected in block <system>.
WARNING:Xst:2677 - Node <spi1/spi_cs_6> of sequential type is unconnected in block <system>.
WARNING:Xst:2677 - Node <spi1/spi_cs_5> of sequential type is unconnected in block <system>.
WARNING:Xst:2677 - Node <spi1/spi_cs_4> of sequential type is unconnected in block <system>.
WARNING:Xst:2677 - Node <spi1/spi_cs_3> of sequential type is unconnected in block <system>.
WARNING:Xst:2677 - Node <spi1/spi_cs_2> of sequential type is unconnected in block <system>.
WARNING:Xst:2677 - Node <spi1/spi_cs_1> of sequential type is unconnected in block <system>.
WARNING:Xst:2677 - Node <spi0/spi_cs_7> of sequential type is unconnected in block <system>.
WARNING:Xst:2677 - Node <spi0/spi_cs_6> of sequential type is unconnected in block <system>.
WARNING:Xst:2677 - Node <spi0/spi_cs_5> of sequential type is unconnected in block <system>.
WARNING:Xst:2677 - Node <spi0/spi_cs_4> of sequential type is unconnected in block <system>.
WARNING:Xst:2677 - Node <spi0/spi_cs_3> of sequential type is unconnected in block <system>.
WARNING:Xst:2677 - Node <spi0/spi_cs_2> of sequential type is unconnected in block <system>.
WARNING:Xst:2677 - Node <spi0/spi_cs_1> of sequential type is unconnected in block <system>.
WARNING:Xst:1710 - FF/Latch <uart0/uart0/enable16_counter_14> (without init value) has a constant value of 0 in block <system>. This FF/Latch will be trimmed during the optimization process.
WARNING:Xst:1895 - Due to other FF/Latch trimming, FF/Latch <uart0/uart0/enable16_counter_13> (without init value) has a constant value of 0 in block <system>. This FF/Latch will be trimmed during the optimization process.
WARNING:Xst:1895 - Due to other FF/Latch trimming, FF/Latch <uart0/uart0/enable16_counter_15> (without init value) has a constant value of 0 in block <system>. This FF/Latch will be trimmed during the optimization process.
WARNING:Xst:1895 - Due to other FF/Latch trimming, FF/Latch <uart0/uart0/enable16_counter_11> (without init value) has a constant value of 0 in block <system>. This FF/Latch will be trimmed during the optimization process.
WARNING:Xst:1895 - Due to other FF/Latch trimming, FF/Latch <uart0/uart0/enable16_counter_10> (without init value) has a constant value of 0 in block <system>. This FF/Latch will be trimmed during the optimization process.
WARNING:Xst:1895 - Due to other FF/Latch trimming, FF/Latch <uart0/uart0/enable16_counter_12> (without init value) has a constant value of 0 in block <system>. This FF/Latch will be trimmed during the optimization process.
WARNING:Xst:1895 - Due to other FF/Latch trimming, FF/Latch <uart0/uart0/enable16_counter_8> (without init value) has a constant value of 0 in block <system>. This FF/Latch will be trimmed during the optimization process.
WARNING:Xst:1895 - Due to other FF/Latch trimming, FF/Latch <uart0/uart0/enable16_counter_7> (without init value) has a constant value of 0 in block <system>. This FF/Latch will be trimmed during the optimization process.
WARNING:Xst:1895 - Due to other FF/Latch trimming, FF/Latch <uart0/uart0/enable16_counter_9> (without init value) has a constant value of 0 in block <system>. This FF/Latch will be trimmed during the optimization process.
WARNING:Xst:1895 - Due to other FF/Latch trimming, FF/Latch <uart0/uart0/enable16_counter_6> (without init value) has a constant value of 0 in block <system>. This FF/Latch will be trimmed during the optimization process.
INFO:Xst:2261 - The FF/Latch <lm0/multiplier/muliplicand_10> in Unit <system> is equivalent to the following FF/Latch, which will be removed : <lm0/operand_0_x_10> 
INFO:Xst:2261 - The FF/Latch <lm0/multiplier/muliplicand_11> in Unit <system> is equivalent to the following FF/Latch, which will be removed : <lm0/operand_0_x_11> 
INFO:Xst:2261 - The FF/Latch <lm0/multiplier/muliplicand_12> in Unit <system> is equivalent to the following FF/Latch, which will be removed : <lm0/operand_0_x_12> 
INFO:Xst:2261 - The FF/Latch <lm0/multiplier/muliplicand_13> in Unit <system> is equivalent to the following FF/Latch, which will be removed : <lm0/operand_0_x_13> 
INFO:Xst:2261 - The FF/Latch <lm0/multiplier/muliplicand_14> in Unit <system> is equivalent to the following FF/Latch, which will be removed : <lm0/operand_0_x_14> 
INFO:Xst:2261 - The FF/Latch <lm0/multiplier/muliplicand_20> in Unit <system> is equivalent to the following FF/Latch, which will be removed : <lm0/operand_0_x_20> 
INFO:Xst:2261 - The FF/Latch <lm0/multiplier/muliplicand_15> in Unit <system> is equivalent to the following FF/Latch, which will be removed : <lm0/operand_0_x_15> 
INFO:Xst:2261 - The FF/Latch <lm0/multiplier/muliplicand_21> in Unit <system> is equivalent to the following FF/Latch, which will be removed : <lm0/operand_0_x_21> 
INFO:Xst:2261 - The FF/Latch <lm0/multiplier/muliplicand_16> in Unit <system> is equivalent to the following FF/Latch, which will be removed : <lm0/operand_0_x_16> 
INFO:Xst:2261 - The FF/Latch <lm0/multiplier/muliplicand_22> in Unit <system> is equivalent to the following FF/Latch, which will be removed : <lm0/operand_0_x_22> 
INFO:Xst:2261 - The FF/Latch <lm0/multiplier/muliplicand_17> in Unit <system> is equivalent to the following FF/Latch, which will be removed : <lm0/operand_0_x_17> 
INFO:Xst:2261 - The FF/Latch <lm0/multiplier/muliplicand_23> in Unit <system> is equivalent to the following FF/Latch, which will be removed : <lm0/operand_0_x_23> 
INFO:Xst:2261 - The FF/Latch <lm0/multiplier/muliplicand_18> in Unit <system> is equivalent to the following FF/Latch, which will be removed : <lm0/operand_0_x_18> 
INFO:Xst:2261 - The FF/Latch <lm0/multiplier/muliplicand_24> in Unit <system> is equivalent to the following FF/Latch, which will be removed : <lm0/operand_0_x_24> 
INFO:Xst:2261 - The FF/Latch <lm0/multiplier/muliplicand_19> in Unit <system> is equivalent to the following FF/Latch, which will be removed : <lm0/operand_0_x_19> 
INFO:Xst:2261 - The FF/Latch <lm0/multiplier/muliplicand_30> in Unit <system> is equivalent to the following FF/Latch, which will be removed : <lm0/operand_0_x_30> 
INFO:Xst:2261 - The FF/Latch <lm0/multiplier/muliplicand_25> in Unit <system> is equivalent to the following FF/Latch, which will be removed : <lm0/operand_0_x_25> 
INFO:Xst:2261 - The FF/Latch <lm0/multiplier/muliplicand_31> in Unit <system> is equivalent to the following FF/Latch, which will be removed : <lm0/operand_0_x_31> 
INFO:Xst:2261 - The FF/Latch <lm0/multiplier/muliplicand_26> in Unit <system> is equivalent to the following FF/Latch, which will be removed : <lm0/operand_0_x_26> 
INFO:Xst:2261 - The FF/Latch <lm0/multiplier/muliplicand_27> in Unit <system> is equivalent to the following FF/Latch, which will be removed : <lm0/operand_0_x_27> 
INFO:Xst:2261 - The FF/Latch <lm0/multiplier/muliplicand_28> in Unit <system> is equivalent to the following FF/Latch, which will be removed : <lm0/operand_0_x_28> 
INFO:Xst:2261 - The FF/Latch <lm0/multiplier/muliplicand_29> in Unit <system> is equivalent to the following FF/Latch, which will be removed : <lm0/operand_0_x_29> 
INFO:Xst:2261 - The FF/Latch <lm0/multiplier/multiplier_0> in Unit <system> is equivalent to the following FF/Latch, which will be removed : <lm0/operand_1_x_0> 
INFO:Xst:2261 - The FF/Latch <lm0/multiplier/multiplier_1> in Unit <system> is equivalent to the following FF/Latch, which will be removed : <lm0/operand_1_x_1> 
INFO:Xst:2261 - The FF/Latch <lm0/multiplier/multiplier_2> in Unit <system> is equivalent to the following FF/Latch, which will be removed : <lm0/operand_1_x_2> 
INFO:Xst:2261 - The FF/Latch <lm0/multiplier/multiplier_3> in Unit <system> is equivalent to the following FF/Latch, which will be removed : <lm0/operand_1_x_3> 
INFO:Xst:2261 - The FF/Latch <lm0/multiplier/multiplier_4> in Unit <system> is equivalent to the following FF/Latch, which will be removed : <lm0/operand_1_x_4> 
INFO:Xst:2261 - The FF/Latch <lm0/multiplier/multiplier_5> in Unit <system> is equivalent to the following FF/Latch, which will be removed : <lm0/operand_1_x_5> 
INFO:Xst:2261 - The FF/Latch <lm0/multiplier/multiplier_6> in Unit <system> is equivalent to the following FF/Latch, which will be removed : <lm0/operand_1_x_6> 
INFO:Xst:2261 - The FF/Latch <lm0/multiplier/multiplier_7> in Unit <system> is equivalent to the following FF/Latch, which will be removed : <lm0/operand_1_x_7> 
INFO:Xst:2261 - The FF/Latch <lm0/multiplier/multiplier_8> in Unit <system> is equivalent to the following FF/Latch, which will be removed : <lm0/operand_1_x_8> 
INFO:Xst:2261 - The FF/Latch <lm0/multiplier/multiplier_9> in Unit <system> is equivalent to the following FF/Latch, which will be removed : <lm0/operand_1_x_9> 
INFO:Xst:2261 - The FF/Latch <lm0/logic_op_x_2> in Unit <system> is equivalent to the following 2 FFs/Latches, which will be removed : <lm0/sign_extend_x> <lm0/condition_x_2> 
INFO:Xst:2261 - The FF/Latch <lm0/logic_op_x_3> in Unit <system> is equivalent to the following FF/Latch, which will be removed : <lm0/direction_x> 
INFO:Xst:2261 - The FF/Latch <lm0/multiplier/muliplicand_0> in Unit <system> is equivalent to the following FF/Latch, which will be removed : <lm0/operand_0_x_0> 
INFO:Xst:2261 - The FF/Latch <lm0/multiplier/muliplicand_1> in Unit <system> is equivalent to the following FF/Latch, which will be removed : <lm0/operand_0_x_1> 
INFO:Xst:2261 - The FF/Latch <lm0/multiplier/muliplicand_2> in Unit <system> is equivalent to the following FF/Latch, which will be removed : <lm0/operand_0_x_2> 
INFO:Xst:2261 - The FF/Latch <lm0/multiplier/muliplicand_3> in Unit <system> is equivalent to the following FF/Latch, which will be removed : <lm0/operand_0_x_3> 
INFO:Xst:2261 - The FF/Latch <lm0/multiplier/muliplicand_4> in Unit <system> is equivalent to the following FF/Latch, which will be removed : <lm0/operand_0_x_4> 
INFO:Xst:2261 - The FF/Latch <lm0/multiplier/muliplicand_5> in Unit <system> is equivalent to the following FF/Latch, which will be removed : <lm0/operand_0_x_5> 
INFO:Xst:2261 - The FF/Latch <lm0/multiplier/muliplicand_6> in Unit <system> is equivalent to the following FF/Latch, which will be removed : <lm0/operand_0_x_6> 
INFO:Xst:2261 - The FF/Latch <lm0/multiplier/muliplicand_7> in Unit <system> is equivalent to the following FF/Latch, which will be removed : <lm0/operand_0_x_7> 
INFO:Xst:2261 - The FF/Latch <lm0/multiplier/muliplicand_8> in Unit <system> is equivalent to the following FF/Latch, which will be removed : <lm0/operand_0_x_8> 
INFO:Xst:2261 - The FF/Latch <lm0/multiplier/muliplicand_9> in Unit <system> is equivalent to the following FF/Latch, which will be removed : <lm0/operand_0_x_9> 
INFO:Xst:2261 - The FF/Latch <lm0/load_x> in Unit <system> is equivalent to the following FF/Latch, which will be removed : <lm0/w_result_sel_load_x> 
INFO:Xst:2261 - The FF/Latch <lm0/size_x_0> in Unit <system> is equivalent to the following 2 FFs/Latches, which will be removed : <lm0/logic_op_x_0> <lm0/condition_x_0> 
INFO:Xst:2261 - The FF/Latch <lm0/size_x_1> in Unit <system> is equivalent to the following 2 FFs/Latches, which will be removed : <lm0/logic_op_x_1> <lm0/condition_x_1> 
INFO:Xst:2261 - The FF/Latch <lm0/multiplier/multiplier_10> in Unit <system> is equivalent to the following FF/Latch, which will be removed : <lm0/operand_1_x_10> 
INFO:Xst:2261 - The FF/Latch <lm0/multiplier/multiplier_11> in Unit <system> is equivalent to the following FF/Latch, which will be removed : <lm0/operand_1_x_11> 
INFO:Xst:2261 - The FF/Latch <lm0/multiplier/multiplier_12> in Unit <system> is equivalent to the following FF/Latch, which will be removed : <lm0/operand_1_x_12> 
INFO:Xst:2261 - The FF/Latch <lm0/multiplier/multiplier_13> in Unit <system> is equivalent to the following FF/Latch, which will be removed : <lm0/operand_1_x_13> 
INFO:Xst:2261 - The FF/Latch <lm0/multiplier/multiplier_14> in Unit <system> is equivalent to the following FF/Latch, which will be removed : <lm0/operand_1_x_14> 
INFO:Xst:2261 - The FF/Latch <lm0/multiplier/multiplier_20> in Unit <system> is equivalent to the following FF/Latch, which will be removed : <lm0/operand_1_x_20> 
INFO:Xst:2261 - The FF/Latch <lm0/multiplier/multiplier_15> in Unit <system> is equivalent to the following FF/Latch, which will be removed : <lm0/operand_1_x_15> 
INFO:Xst:2261 - The FF/Latch <lm0/multiplier/multiplier_21> in Unit <system> is equivalent to the following FF/Latch, which will be removed : <lm0/operand_1_x_21> 
INFO:Xst:2261 - The FF/Latch <lm0/multiplier/multiplier_16> in Unit <system> is equivalent to the following FF/Latch, which will be removed : <lm0/operand_1_x_16> 
INFO:Xst:2261 - The FF/Latch <lm0/multiplier/multiplier_22> in Unit <system> is equivalent to the following FF/Latch, which will be removed : <lm0/operand_1_x_22> 
INFO:Xst:2261 - The FF/Latch <lm0/multiplier/multiplier_17> in Unit <system> is equivalent to the following FF/Latch, which will be removed : <lm0/operand_1_x_17> 
INFO:Xst:2261 - The FF/Latch <lm0/multiplier/multiplier_23> in Unit <system> is equivalent to the following FF/Latch, which will be removed : <lm0/operand_1_x_23> 
INFO:Xst:2261 - The FF/Latch <lm0/multiplier/multiplier_18> in Unit <system> is equivalent to the following FF/Latch, which will be removed : <lm0/operand_1_x_18> 
INFO:Xst:2261 - The FF/Latch <lm0/multiplier/multiplier_24> in Unit <system> is equivalent to the following FF/Latch, which will be removed : <lm0/operand_1_x_24> 
INFO:Xst:2261 - The FF/Latch <lm0/multiplier/multiplier_19> in Unit <system> is equivalent to the following FF/Latch, which will be removed : <lm0/operand_1_x_19> 
INFO:Xst:2261 - The FF/Latch <lm0/multiplier/multiplier_30> in Unit <system> is equivalent to the following FF/Latch, which will be removed : <lm0/operand_1_x_30> 
INFO:Xst:2261 - The FF/Latch <lm0/multiplier/multiplier_25> in Unit <system> is equivalent to the following FF/Latch, which will be removed : <lm0/operand_1_x_25> 
INFO:Xst:2261 - The FF/Latch <lm0/multiplier/multiplier_31> in Unit <system> is equivalent to the following FF/Latch, which will be removed : <lm0/operand_1_x_31> 
INFO:Xst:2261 - The FF/Latch <lm0/multiplier/multiplier_26> in Unit <system> is equivalent to the following FF/Latch, which will be removed : <lm0/operand_1_x_26> 
INFO:Xst:2261 - The FF/Latch <lm0/multiplier/multiplier_27> in Unit <system> is equivalent to the following FF/Latch, which will be removed : <lm0/operand_1_x_27> 
INFO:Xst:2261 - The FF/Latch <lm0/multiplier/multiplier_28> in Unit <system> is equivalent to the following FF/Latch, which will be removed : <lm0/operand_1_x_28> 
INFO:Xst:2261 - The FF/Latch <lm0/multiplier/multiplier_29> in Unit <system> is equivalent to the following FF/Latch, which will be removed : <lm0/operand_1_x_29> 

Mapping all equations...
Building and optimizing final netlist ...
Found area constraint ratio of 100 (+ 0) on block system, actual ratio is 4.
Forward register balancing over carry chain lm0/Mcompar_cmp_zero_cy<0>
INFO:Xst:2261 - The FF/Latch <lm0/load_m> in Unit <system> is equivalent to the following FF/Latch, which will be removed : <lm0/w_result_sel_load_m_BRB0> 
INFO:Xst:2261 - The FF/Latch <lm0/m_result_sel_shift_x> in Unit <system> is equivalent to the following FF/Latch, which will be removed : <lm0/m_bypass_enable_x_BRB0> 
INFO:Xst:2261 - The FF/Latch <lm0/x_bypass_enable_x> in Unit <system> is equivalent to the following FF/Latch, which will be removed : <lm0/m_bypass_enable_x_BRB1> 
INFO:Xst:2261 - The FF/Latch <lm0/load_store_unit/store_data_m_0> in Unit <system> is equivalent to the following 3 FFs/Latches, which will be removed : <lm0/load_store_unit/store_data_m_8_BRB1> <lm0/load_store_unit/store_data_m_16_BRB0> <lm0/load_store_unit/store_data_m_24_BRB4> 
INFO:Xst:2261 - The FF/Latch <lm0/load_store_unit/store_data_m_1> in Unit <system> is equivalent to the following 3 FFs/Latches, which will be removed : <lm0/load_store_unit/store_data_m_9_BRB1> <lm0/load_store_unit/store_data_m_17_BRB0> <lm0/load_store_unit/store_data_m_25_BRB4> 
INFO:Xst:2261 - The FF/Latch <lm0/load_store_unit/store_data_m_2> in Unit <system> is equivalent to the following 3 FFs/Latches, which will be removed : <lm0/load_store_unit/store_data_m_10_BRB1> <lm0/load_store_unit/store_data_m_18_BRB0> <lm0/load_store_unit/store_data_m_26_BRB4> 
INFO:Xst:2261 - The FF/Latch <lm0/load_store_unit/store_data_m_3> in Unit <system> is equivalent to the following 3 FFs/Latches, which will be removed : <lm0/load_store_unit/store_data_m_11_BRB1> <lm0/load_store_unit/store_data_m_19_BRB0> <lm0/load_store_unit/store_data_m_27_BRB4> 
INFO:Xst:2261 - The FF/Latch <lm0/load_store_unit/store_data_m_4> in Unit <system> is equivalent to the following 3 FFs/Latches, which will be removed : <lm0/load_store_unit/store_data_m_12_BRB1> <lm0/load_store_unit/store_data_m_20_BRB0> <lm0/load_store_unit/store_data_m_28_BRB4> 
INFO:Xst:2261 - The FF/Latch <lm0/load_store_unit/store_data_m_5> in Unit <system> is equivalent to the following 3 FFs/Latches, which will be removed : <lm0/load_store_unit/store_data_m_13_BRB1> <lm0/load_store_unit/store_data_m_21_BRB0> <lm0/load_store_unit/store_data_m_29_BRB4> 
INFO:Xst:2261 - The FF/Latch <lm0/load_store_unit/store_data_m_6> in Unit <system> is equivalent to the following 3 FFs/Latches, which will be removed : <lm0/load_store_unit/store_data_m_14_BRB1> <lm0/load_store_unit/store_data_m_22_BRB0> <lm0/load_store_unit/store_data_m_30_BRB4> 
INFO:Xst:2261 - The FF/Latch <lm0/load_store_unit/store_data_m_7> in Unit <system> is equivalent to the following 3 FFs/Latches, which will be removed : <lm0/load_store_unit/store_data_m_15_BRB1> <lm0/load_store_unit/store_data_m_23_BRB0> <lm0/load_store_unit/store_data_m_31_BRB4> 
INFO:Xst:2261 - The FF/Latch <lm0/load_store_unit/size_m_1> in Unit <system> is equivalent to the following 16 FFs/Latches, which will be removed : <lm0/load_store_unit/store_data_m_15_BRB0> <lm0/load_store_unit/store_data_m_14_BRB0> <lm0/load_store_unit/store_data_m_13_BRB0> <lm0/load_store_unit/store_data_m_12_BRB0> <lm0/load_store_unit/store_data_m_11_BRB0> <lm0/load_store_unit/store_data_m_10_BRB0> <lm0/load_store_unit/store_data_m_9_BRB0> <lm0/load_store_unit/store_data_m_8_BRB0> <lm0/load_store_unit/store_data_m_31_BRB0> <lm0/load_store_unit/store_data_m_30_BRB0> <lm0/load_store_unit/store_data_m_29_BRB0> <lm0/load_store_unit/store_data_m_28_BRB0> <lm0/load_store_unit/store_data_m_27_BRB0> <lm0/load_store_unit/store_data_m_26_BRB0> <lm0/load_store_unit/store_data_m_25_BRB0> <lm0/load_store_unit/store_data_m_24_BRB0> 
INFO:Xst:2261 - The FF/Latch <lm0/m_result_sel_compare_x> in Unit <system> is equivalent to the following FF/Latch, which will be removed : <lm0/m_bypass_enable_x_BRB2> 
INFO:Xst:2261 - The FF/Latch <lm0/size_x_1> in Unit <system> is equivalent to the following FF/Latch, which will be removed : <lm0/w_result_sel_mul_x_BRB0> 

Pipelining and Register Balancing Report ...

Processing Unit <system> :
	Register(s) lm0/operand_w_1 lm0/operand_w_0 lm0/load_store_unit/data_w_15 lm0/load_store_unit/data_w_7 lm0/load_store_unit/data_w_23 lm0/load_store_unit/data_w_31 has(ve) been forward balanced into : lm0/load_store_unit/load_data_w<10>41_FRB.
	Register(s) lm0/branch_x has(ve) been backward balanced into : lm0/branch_x_BRB0 lm0/branch_x_BRB1 lm0/branch_x_BRB2 lm0/branch_x_BRB3 lm0/branch_x_BRB4 lm0/branch_x_BRB5.
	Register(s) lm0/condition_met_m has(ve) been backward balanced into : lm0/condition_met_m_BRB0 lm0/condition_met_m_BRB1 lm0/condition_met_m_BRB2 lm0/condition_met_m_BRB3 lm0/condition_met_m_BRB4 lm0/condition_met_m_BRB5.
	Register(s) lm0/load_store_unit/store_data_m_10 has(ve) been backward balanced into : lm0/load_store_unit/store_data_m_10_BRB2.
	Register(s) lm0/load_store_unit/store_data_m_11 has(ve) been backward balanced into : lm0/load_store_unit/store_data_m_11_BRB2.
	Register(s) lm0/load_store_unit/store_data_m_12 has(ve) been backward balanced into : lm0/load_store_unit/store_data_m_12_BRB2.
	Register(s) lm0/load_store_unit/store_data_m_13 has(ve) been backward balanced into : lm0/load_store_unit/store_data_m_13_BRB2.
	Register(s) lm0/load_store_unit/store_data_m_14 has(ve) been backward balanced into : lm0/load_store_unit/store_data_m_14_BRB2.
	Register(s) lm0/load_store_unit/store_data_m_15 has(ve) been backward balanced into : lm0/load_store_unit/store_data_m_15_BRB2.
	Register(s) lm0/load_store_unit/store_data_m_16 has(ve) been backward balanced into : lm0/load_store_unit/store_data_m_16_BRB3.
	Register(s) lm0/load_store_unit/store_data_m_17 has(ve) been backward balanced into : lm0/load_store_unit/store_data_m_17_BRB3.
	Register(s) lm0/load_store_unit/store_data_m_18 has(ve) been backward balanced into : lm0/load_store_unit/store_data_m_18_BRB3.
	Register(s) lm0/load_store_unit/store_data_m_19 has(ve) been backward balanced into : lm0/load_store_unit/store_data_m_19_BRB3.
	Register(s) lm0/load_store_unit/store_data_m_20 has(ve) been backward balanced into : lm0/load_store_unit/store_data_m_20_BRB3.
	Register(s) lm0/load_store_unit/store_data_m_21 has(ve) been backward balanced into : lm0/load_store_unit/store_data_m_21_BRB3.
	Register(s) lm0/load_store_unit/store_data_m_22 has(ve) been backward balanced into : lm0/load_store_unit/store_data_m_22_BRB3.
	Register(s) lm0/load_store_unit/store_data_m_23 has(ve) been backward balanced into : lm0/load_store_unit/store_data_m_23_BRB3.
	Register(s) lm0/load_store_unit/store_data_m_24 has(ve) been backward balanced into : lm0/load_store_unit/store_data_m_24_BRB3 .
	Register(s) lm0/load_store_unit/store_data_m_25 has(ve) been backward balanced into : lm0/load_store_unit/store_data_m_25_BRB3 .
	Register(s) lm0/load_store_unit/store_data_m_26 has(ve) been backward balanced into : lm0/load_store_unit/store_data_m_26_BRB3 .
	Register(s) lm0/load_store_unit/store_data_m_27 has(ve) been backward balanced into : lm0/load_store_unit/store_data_m_27_BRB3 .
	Register(s) lm0/load_store_unit/store_data_m_28 has(ve) been backward balanced into : lm0/load_store_unit/store_data_m_28_BRB3 .
	Register(s) lm0/load_store_unit/store_data_m_29 has(ve) been backward balanced into : lm0/load_store_unit/store_data_m_29_BRB3 .
	Register(s) lm0/load_store_unit/store_data_m_30 has(ve) been backward balanced into : lm0/load_store_unit/store_data_m_30_BRB3 .
	Register(s) lm0/load_store_unit/store_data_m_31 has(ve) been backward balanced into : lm0/load_store_unit/store_data_m_31_BRB1 lm0/load_store_unit/store_data_m_31_BRB3 .
	Register(s) lm0/load_store_unit/store_data_m_8 has(ve) been backward balanced into : lm0/load_store_unit/store_data_m_8_BRB2.
	Register(s) lm0/load_store_unit/store_data_m_9 has(ve) been backward balanced into : lm0/load_store_unit/store_data_m_9_BRB2.
	Register(s) lm0/mc_arithmetic/a_31 has(ve) been backward balanced into : lm0/mc_arithmetic/a_31_BRB0 lm0/mc_arithmetic/a_31_BRB1 lm0/mc_arithmetic/a_31_BRB2.
	Register(s) lm0/store_x has(ve) been backward balanced into : lm0/store_x_BRB0 lm0/store_x_BRB5.
	Register(s) lm0/w_result_sel_mul_m has(ve) been backward balanced into : lm0/w_result_sel_mul_m_BRB0 lm0/w_result_sel_mul_m_BRB1.
	Register(s) timer0/trig0 has(ve) been backward balanced into : timer0/trig0_BRB0 timer0/trig0_BRB1.
	Register(s) timer0/trig1 has(ve) been backward balanced into : timer0/trig1_BRB0 timer0/trig1_BRB1.
Unit <system> processed.
FlipFlop gpio0/gpio_o_7 has been replicated 1 time(s) to handle iob=true attribute.
FlipFlop gpio0/gpio_o_6 has been replicated 1 time(s) to handle iob=true attribute.
FlipFlop gpio0/gpio_o_5 has been replicated 1 time(s) to handle iob=true attribute.
FlipFlop gpio0/gpio_o_4 has been replicated 1 time(s) to handle iob=true attribute.
FlipFlop gpio0/gpio_o_3 has been replicated 1 time(s) to handle iob=true attribute.
FlipFlop gpio0/gpio_o_2 has been replicated 1 time(s) to handle iob=true attribute.
FlipFlop gpio0/gpio_o_1 has been replicated 1 time(s) to handle iob=true attribute.
FlipFlop gpio0/gpio_o_0 has been replicated 1 time(s) to handle iob=true attribute.
FlipFlop spi0/spi_cs_0 has been replicated 1 time(s) to handle iob=true attribute.
FlipFlop spi1/spi_cs_0 has been replicated 1 time(s) to handle iob=true attribute.
FlipFlop uart0/uart0/uart_txd has been replicated 1 time(s) to handle iob=true attribute.
FlipFlop spi0/sreg_7 has been replicated 1 time(s) to handle iob=true attribute.
FlipFlop spi0/sck has been replicated 1 time(s) to handle iob=true attribute.
FlipFlop spi1/sreg_7 has been replicated 1 time(s) to handle iob=true attribute.
FlipFlop spi1/sck has been replicated 1 time(s) to handle iob=true attribute.

Final Macro Processing ...

=========================================================================
Final Register Report

Macro Statistics
# Registers                                            : 1297
 Flip-Flops                                            : 1297

=========================================================================

=========================================================================
*                           Partition Report                            *
=========================================================================

Partition Implementation Status
-------------------------------

  No Partitions were found in this design.

-------------------------------

=========================================================================
*                            Design Summary                             *
=========================================================================

Top Level Output File Name         : system.ngc

Primitive and Black Box Usage:
------------------------------
# BELS                             : 2228
#      GND                         : 1
#      INV                         : 23
#      LUT1                        : 92
#      LUT2                        : 184
#      LUT3                        : 243
#      LUT4                        : 131
#      LUT5                        : 379
#      LUT6                        : 650
#      MUXCY                       : 268
#      MUXF7                       : 12
#      VCC                         : 1
#      XORCY                       : 244
# FlipFlops/Latches                : 1297
#      FD                          : 47
#      FDC                         : 122
#      FDCE                        : 747
#      FDE                         : 96
#      FDPE                        : 35
#      FDR                         : 39
#      FDRE                        : 126
#      FDS                         : 4
#      FDSE                        : 81
# RAMS                             : 65
#      RAM32X1D                    : 64
#      RAMB36E1                    : 1
# Clock Buffers                    : 1
#      BUFGP                       : 1
# IO Buffers                       : 34
#      IBUF                        : 4
#      IOBUF                       : 8
#      OBUF                        : 22
# DSPs                             : 3
#      DSP48E1                     : 3

Device utilization summary:
---------------------------

Selected Device : 7a100tcsg324-3 


Slice Logic Utilization: 
 Number of Slice Registers:            1281  out of  126800     1%  
 Number of Slice LUTs:                 1830  out of  63400     2%  
    Number used as Logic:              1702  out of  63400     2%  
    Number used as Memory:              128  out of  19000     0%  
       Number used as RAM:              128

Slice Logic Distribution: 
 Number of LUT Flip Flop pairs used:   2069
   Number with an unused Flip Flop:     788  out of   2069    38%  
   Number with an unused LUT:           239  out of   2069    11%  
   Number of fully used LUT-FF pairs:  1042  out of   2069    50%  
   Number of unique control sets:        43

IO Utilization: 
 Number of IOs:                          59
 Number of bonded IOBs:                  35  out of    210    16%  
    IOB Flip Flops/Latches:              16

Specific Feature Utilization:
 Number of Block RAM/FIFO:                1  out of    135     0%  
    Number using Block RAM only:          1
 Number of BUFG/BUFGCTRLs:                1  out of     32     3%  
 Number of DSP48E1s:                      3  out of    240     1%  

---------------------------
Partition Resource Summary:
---------------------------

  No Partitions were found in this design.

---------------------------


=========================================================================
Timing Report

NOTE: THESE TIMING NUMBERS ARE ONLY A SYNTHESIS ESTIMATE.
      FOR ACCURATE TIMING INFORMATION PLEASE REFER TO THE TRACE REPORT
      GENERATED AFTER PLACE-and-ROUTE.

Clock Information:
------------------
-----------------------------------+------------------------+-------+
Clock Signal                       | Clock buffer(FF name)  | Load  |
-----------------------------------+------------------------+-------+
clk                                | BUFGP                  | 1362  |
-----------------------------------+------------------------+-------+

Asynchronous Control Signals Information:
----------------------------------------
No asynchronous control signals found in this design

Timing Summary:
---------------
Speed Grade: -3

   Minimum period: 6.370ns (Maximum Frequency: 156.992MHz)
   Minimum input arrival time before clock: 1.697ns
   Maximum output required time after clock: 1.037ns
   Maximum combinational path delay: No path found

Timing Details:
---------------
All values displayed in nanoseconds (ns)

=========================================================================
Timing constraint: Default period analysis for Clock 'clk'
  Clock period: 6.370ns (frequency: 156.992MHz)
  Total number of paths / destination ports: 1341590 / 3231
-------------------------------------------------------------------------
Delay:               6.370ns (Levels of Logic = 3)
  Source:            lm0/multiplier/multiplier_3 (FF)
  Destination:       lm0/multiplier/product_31 (FF)
  Source Clock:      clk rising
  Destination Clock: clk rising

  Data Path: lm0/multiplier/multiplier_3 to lm0/multiplier/product_31
                                Gate     Net
    Cell:in->out      fanout   Delay   Delay  Logical Name (Net Name)
    ----------------------------------------  ------------
     FDCE:C->Q            54   0.361   0.389  lm0/multiplier/multiplier_3 (lm0/multiplier/multiplier_3)
     DSP48E1:A3->PCOUT47    1   2.970   0.000  lm0/multiplier/Mmult_n0019 (lm0/multiplier/Mmult_n0019_PCOUT_to_Mmult_n00191_PCIN_47)
     DSP48E1:PCIN47->PCOUT47    1   1.255   0.000  lm0/multiplier/Mmult_n00191 (lm0/multiplier/Mmult_n00191_PCOUT_to_Mmult_n00192_PCIN_47)
     DSP48E1:PCIN47->P14    1   1.107   0.279  lm0/multiplier/Mmult_n00192 (lm0/multiplier/n0019<31>)
     FDCE:D                    0.008          lm0/multiplier/product_31
    ----------------------------------------
    Total                      6.370ns (5.701ns logic, 0.669ns route)
                                       (89.5% logic, 10.5% route)

=========================================================================
Timing constraint: Default OFFSET IN BEFORE for Clock 'clk'
  Total number of paths / destination ports: 1323 / 1305
-------------------------------------------------------------------------
Offset:              1.697ns (Levels of Logic = 3)
  Source:            rst (PAD)
  Destination:       spi1/spi_cs_0 (FF)
  Destination Clock: clk rising

  Data Path: rst to spi1/spi_cs_0
                                Gate     Net
    Cell:in->out      fanout   Delay   Delay  Logical Name (Net Name)
    ----------------------------------------  ------------
     IBUF:I->O            33   0.001   0.800  rst_IBUF (rst_IBUF)
     LUT6:I0->O            1   0.097   0.693  spi1/_n0158_inv (spi1/_n0158_inv)
     LUT6:I0->O            2   0.097   0.000  spi1/spi_cs_0_rstpot (spi1/spi_cs_0_rstpot)
     FD:D                      0.008          spi1/spi_cs_0
    ----------------------------------------
    Total                      1.697ns (0.203ns logic, 1.494ns route)
                                       (12.0% logic, 88.0% route)

=========================================================================
Timing constraint: Default OFFSET OUT AFTER for Clock 'clk'
  Total number of paths / destination ports: 24 / 16
-------------------------------------------------------------------------
Offset:              1.037ns (Levels of Logic = 2)
  Source:            uart0/uart0/uart_txd (FF)
  Destination:       led (PAD)
  Source Clock:      clk rising

  Data Path: uart0/uart0/uart_txd to led
                                Gate     Net
    Cell:in->out      fanout   Delay   Delay  Logical Name (Net Name)
    ----------------------------------------  ------------
     FD:C->Q               2   0.361   0.283  uart0/uart0/uart_txd (uart0/uart0/uart_txd)
     INV:I->O              1   0.113   0.279  led1_INV_0 (led_OBUF)
     OBUF:I->O                 0.000          led_OBUF (led)
    ----------------------------------------
    Total                      1.037ns (0.474ns logic, 0.563ns route)
                                       (45.7% logic, 54.3% route)

=========================================================================

Cross Clock Domains Report:
--------------------------

Clock to Setup on destination clock clk
---------------+---------+---------+---------+---------+
               | Src:Rise| Src:Fall| Src:Rise| Src:Fall|
Source Clock   |Dest:Rise|Dest:Rise|Dest:Fall|Dest:Fall|
---------------+---------+---------+---------+---------+
clk            |    6.370|         |         |         |
---------------+---------+---------+---------+---------+

=========================================================================


Total REAL time to Xst completion: 19.00 secs
Total CPU time to Xst completion: 19.44 secs
 
--> 


Total memory usage is 513128 kilobytes

Number of errors   :    0 (   0 filtered)
Number of warnings :  387 (   0 filtered)
Number of infos    :  115 (   0 filtered)

cd build && ngdbuild -uc ../system.ucf system.ngc
Release 14.7 - ngdbuild P.20131013 (lin64)
Copyright (c) 1995-2013 Xilinx, Inc.  All rights reserved.

Command Line: /opt/Xilinx/14.7/ISE_DS/ISE/bin/lin64/unwrapped/ngdbuild -uc
../system.ucf system.ngc

Reading NGO file "/home/kmilo/Documents/sie/build/system.ngc" ...
Gathering constraint information from source properties...
Done.

Annotating constraints to design from ucf file "../system.ucf" ...
Resolving constraint associations...
Checking Constraint Associations...
WARNING:ConstraintSystem:56 - Constraint <TIMESPEC TS_sys_clk = PERIOD
   sys_clk_pin 100 MHz HIGH 50%;> [../system.ucf(6)]: Unable to find an active
   'TNM' or 'TimeGrp' constraint named 'sys_clk_pin'.

Done...

Checking expanded design ...

Partition Implementation Status
-------------------------------

  No Partitions were found in this design.

-------------------------------

NGDBUILD Design Results Summary:
  Number of errors:     0
  Number of warnings:   1

Writing NGD file "system.ngd" ...
Total REAL time to NGDBUILD completion:  9 sec
Total CPU time to NGDBUILD completion:   9 sec

Writing NGDBUILD log file "system.bld"...

NGDBUILD done.
cd build && map  system.ngd
Release 14.7 - Map P.20131013 (lin64)
Copyright (c) 1995-2013 Xilinx, Inc.  All rights reserved.
Using target part "7a100tcsg324-3".
Mapping design into LUTs...
Writing file system.ngm...
Running directed packing...
Running delay-based LUT packing...
Updating timing models...
INFO:Map:215 - The Interim Design Summary has been generated in the MAP Report
   (.mrp).
Running timing-driven placement...
Total REAL time at the beginning of Placer: 26 secs 
Total CPU  time at the beginning of Placer: 26 secs 

Phase 1.1  Initial Placement Analysis
Phase 1.1  Initial Placement Analysis (Checksum:edc7e23a) REAL time: 28 secs 

Phase 2.7  Design Feasibility Check
Phase 2.7  Design Feasibility Check (Checksum:edc7e23a) REAL time: 28 secs 

Phase 3.31  Local Placement Optimization
Phase 3.31  Local Placement Optimization (Checksum:edc7e23a) REAL time: 28 secs 

Phase 4.2  Initial Placement for Architecture Specific Features

Phase 4.2  Initial Placement for Architecture Specific Features
(Checksum:e48345f0) REAL time: 34 secs 

Phase 5.30  Global Clock Region Assignment
Phase 5.30  Global Clock Region Assignment (Checksum:e48345f0) REAL time: 34 secs 

Phase 6.3  Local Placement Optimization
Phase 6.3  Local Placement Optimization (Checksum:e48345f0) REAL time: 34 secs 

Phase 7.5  Local Placement Optimization
Phase 7.5  Local Placement Optimization (Checksum:e48345f0) REAL time: 34 secs 

Phase 8.8  Global Placement
........................................

.....................................................................................................................................
..................................
................................
Phase 8.8  Global Placement (Checksum:94c647d3) REAL time: 51 secs 

Phase 9.5  Local Placement Optimization
Phase 9.5  Local Placement Optimization (Checksum:94c647d3) REAL time: 52 secs 

Phase 10.18  Placement Optimization
Phase 10.18  Placement Optimization (Checksum:6f6978e4) REAL time: 58 secs 

Phase 11.5  Local Placement Optimization
Phase 11.5  Local Placement Optimization (Checksum:6f6978e4) REAL time: 58 secs 

Phase 12.34  Placement Validation
Phase 12.34  Placement Validation (Checksum:6f6978e4) REAL time: 58 secs 

Total REAL time to Placer completion: 1 mins 1 secs 
Total CPU  time to Placer completion: 1 mins 1 secs 
Running post-placement packing...
Writing output files...

Design Summary:
Number of errors:      0
Number of warnings:    0
Slice Logic Utilization:
  Number of Slice Registers:                 1,282 out of 126,800    1%
    Number used as Flip Flops:               1,281
    Number used as Latches:                      0
    Number used as Latch-thrus:                  0
    Number used as AND/OR logics:                1
  Number of Slice LUTs:                      1,589 out of  63,400    2%
    Number used as logic:                    1,503 out of  63,400    2%
      Number using O6 output only:           1,203
      Number using O5 output only:              89
      Number using O5 and O6:                  211
      Number used as ROM:                        0
    Number used as Memory:                      64 out of  19,000    1%
      Number used as Dual Port RAM:             64
        Number using O6 output only:             0
        Number using O5 output only:             0
        Number using O5 and O6:                 64
      Number used as Single Port RAM:            0
      Number used as Shift Register:             0
    Number used exclusively as route-thrus:     22
      Number with same-slice register load:     19
      Number with same-slice carry load:         3
      Number with other load:                    0

Slice Logic Distribution:
  Number of occupied Slices:                   697 out of  15,850    4%
  Number of LUT Flip Flop pairs used:        2,013
    Number with an unused Flip Flop:           818 out of   2,013   40%
    Number with an unused LUT:                 424 out of   2,013   21%
    Number of fully used LUT-FF pairs:         771 out of   2,013   38%
    Number of unique control sets:              43
    Number of slice register sites lost
      to control set restrictions:              79 out of 126,800    1%

  A LUT Flip Flop pair for this architecture represents one LUT paired with
  one Flip Flop within a slice.  A control set is a unique combination of
  clock, reset, set, and enable signals for a registered element.
  The Slice Logic Distribution report is not meaningful if the design is
  over-mapped for a non-slice resource or if Placement fails.
  OVERMAPPING of BRAM resources should be ignored if the design is
  over-mapped for a non-BRAM resource or if placement fails.

IO Utilization:
  Number of bonded IOBs:                        35 out of     210   16%
    Number of LOCed IOBs:                       35 out of      35  100%
    IOB Flip Flops:                             16

Specific Feature Utilization:
  Number of RAMB36E1/FIFO36E1s:                  1 out of     135    1%
    Number using RAMB36E1 only:                  1
    Number using FIFO36E1 only:                  0
  Number of RAMB18E1/FIFO18E1s:                  0 out of     270    0%
  Number of BUFG/BUFGCTRLs:                      1 out of      32    3%
    Number used as BUFGs:                        1
    Number used as BUFGCTRLs:                    0
  Number of IDELAYE2/IDELAYE2_FINEDELAYs:        0 out of     300    0%
  Number of ILOGICE2/ILOGICE3/ISERDESE2s:        1 out of     300    1%
    Number used as ILOGICE2s:                    1
  Number used as  ILOGICE3s:                     0
    Number used as ISERDESE2s:                   0
  Number of ODELAYE2/ODELAYE2_FINEDELAYs:        0
  Number of OLOGICE2/OLOGICE3/OSERDESE2s:       16 out of     300    5%
    Number used as OLOGICE2s:                   16
    Number used as OLOGICE3s:                    0
    Number used as OSERDESE2s:                   0
  Number of PHASER_IN/PHASER_IN_PHYs:            0 out of      24    0%
  Number of PHASER_OUT/PHASER_OUT_PHYs:          0 out of      24    0%
  Number of BSCANs:                              0 out of       4    0%
  Number of BUFHCEs:                             0 out of      96    0%
  Number of BUFRs:                               0 out of      24    0%
  Number of CAPTUREs:                            0 out of       1    0%
  Number of DNA_PORTs:                           0 out of       1    0%
  Number of DSP48E1s:                            3 out of     240    1%
  Number of EFUSE_USRs:                          0 out of       1    0%
  Number of FRAME_ECCs:                          0 out of       1    0%
  Number of IBUFDS_GTE2s:                        0 out of       4    0%
  Number of ICAPs:                               0 out of       2    0%
  Number of IDELAYCTRLs:                         0 out of       6    0%
  Number of IN_FIFOs:                            0 out of      24    0%
  Number of MMCME2_ADVs:                         0 out of       6    0%
  Number of OUT_FIFOs:                           0 out of      24    0%
  Number of PCIE_2_1s:                           0 out of       1    0%
  Number of PHASER_REFs:                         0 out of       6    0%
  Number of PHY_CONTROLs:                        0 out of       6    0%
  Number of PLLE2_ADVs:                          0 out of       6    0%
  Number of STARTUPs:                            0 out of       1    0%
  Number of XADCs:                               0 out of       1    0%

Average Fanout of Non-Clock Nets:                3.97

Peak Memory Usage:  1270 MB
Total REAL time to MAP completion:  1 mins 4 secs 
Total CPU time to MAP completion:   1 mins 4 secs 

Mapping completed.
See MAP report file "system.mrp" for details.
cd build && par  -ol high -w system.ncd system-routed.ncd
Release 14.7 - par P.20131013 (lin64)
Copyright (c) 1995-2013 Xilinx, Inc.  All rights reserved.



Constraints file: system.pcf.
Loading device for application Rf_Device from file '7a100t.nph' in environment /opt/Xilinx/14.7/ISE_DS/ISE/.
   "system" is an NCD, version 3.2, device xc7a100t, package csg324, speed -3

Initializing temperature to 85.000 Celsius. (default - Range: 0.000 to 85.000 Celsius)
Initializing voltage to 0.950 Volts. (default - Range: 0.950 to 1.050 Volts)

INFO:Par:282 - No user timing constraints were detected or you have set the option to ignore timing constraints ("par
   -x"). Place and Route will run in "Performance Evaluation Mode" to automatically improve the performance of all
   internal clocks in this design. Because there are not defined timing requirements, a timing score will not be
   reported in the PAR report in this mode. The PAR timing summary will list the performance achieved for each clock.
   Note: For the fastest runtime, set the effort level to "std".  For best performance, set the effort level to "high".

Device speed data version:  "PRODUCTION 1.10 2013-10-13".



Device Utilization Summary:

Slice Logic Utilization:
  Number of Slice Registers:                 1,282 out of 126,800    1%
    Number used as Flip Flops:               1,281
    Number used as Latches:                      0
    Number used as Latch-thrus:                  0
    Number used as AND/OR logics:                1
  Number of Slice LUTs:                      1,589 out of  63,400    2%
    Number used as logic:                    1,503 out of  63,400    2%
      Number using O6 output only:           1,203
      Number using O5 output only:              89
      Number using O5 and O6:                  211
      Number used as ROM:                        0
    Number used as Memory:                      64 out of  19,000    1%
      Number used as Dual Port RAM:             64
        Number using O6 output only:             0
        Number using O5 output only:             0
        Number using O5 and O6:                 64
      Number used as Single Port RAM:            0
      Number used as Shift Register:             0
    Number used exclusively as route-thrus:     22
      Number with same-slice register load:     19
      Number with same-slice carry load:         3
      Number with other load:                    0

Slice Logic Distribution:
  Number of occupied Slices:                   697 out of  15,850    4%
  Number of LUT Flip Flop pairs used:        2,013
    Number with an unused Flip Flop:           818 out of   2,013   40%
    Number with an unused LUT:                 424 out of   2,013   21%
    Number of fully used LUT-FF pairs:         771 out of   2,013   38%
    Number of slice register sites lost
      to control set restrictions:               0 out of 126,800    0%

  A LUT Flip Flop pair for this architecture represents one LUT paired with
  one Flip Flop within a slice.  A control set is a unique combination of
  clock, reset, set, and enable signals for a registered element.
  The Slice Logic Distribution report is not meaningful if the design is
  over-mapped for a non-slice resource or if Placement fails.
  OVERMAPPING of BRAM resources should be ignored if the design is
  over-mapped for a non-BRAM resource or if placement fails.

IO Utilization:
  Number of bonded IOBs:                        35 out of     210   16%
    Number of LOCed IOBs:                       35 out of      35  100%
    IOB Flip Flops:                             16

Specific Feature Utilization:
  Number of RAMB36E1/FIFO36E1s:                  1 out of     135    1%
    Number using RAMB36E1 only:                  1
    Number using FIFO36E1 only:                  0
  Number of RAMB18E1/FIFO18E1s:                  0 out of     270    0%
  Number of BUFG/BUFGCTRLs:                      1 out of      32    3%
    Number used as BUFGs:                        1
    Number used as BUFGCTRLs:                    0
  Number of IDELAYE2/IDELAYE2_FINEDELAYs:        0 out of     300    0%
  Number of ILOGICE2/ILOGICE3/ISERDESE2s:        1 out of     300    1%
    Number used as ILOGICE2s:                    1
  Number used as  ILOGICE3s:                     0
    Number used as ISERDESE2s:                   0
  Number of ODELAYE2/ODELAYE2_FINEDELAYs:        0
  Number of OLOGICE2/OLOGICE3/OSERDESE2s:       16 out of     300    5%
    Number used as OLOGICE2s:                   16
    Number used as OLOGICE3s:                    0
    Number used as OSERDESE2s:                   0
  Number of PHASER_IN/PHASER_IN_PHYs:            0 out of      24    0%
  Number of PHASER_OUT/PHASER_OUT_PHYs:          0 out of      24    0%
  Number of BSCANs:                              0 out of       4    0%
  Number of BUFHCEs:                             0 out of      96    0%
  Number of BUFRs:                               0 out of      24    0%
  Number of CAPTUREs:                            0 out of       1    0%
  Number of DNA_PORTs:                           0 out of       1    0%
  Number of DSP48E1s:                            3 out of     240    1%
  Number of EFUSE_USRs:                          0 out of       1    0%
  Number of FRAME_ECCs:                          0 out of       1    0%
  Number of IBUFDS_GTE2s:                        0 out of       4    0%
  Number of ICAPs:                               0 out of       2    0%
  Number of IDELAYCTRLs:                         0 out of       6    0%
  Number of IN_FIFOs:                            0 out of      24    0%
  Number of MMCME2_ADVs:                         0 out of       6    0%
  Number of OUT_FIFOs:                           0 out of      24    0%
  Number of PCIE_2_1s:                           0 out of       1    0%
  Number of PHASER_REFs:                         0 out of       6    0%
  Number of PHY_CONTROLs:                        0 out of       6    0%
  Number of PLLE2_ADVs:                          0 out of       6    0%
  Number of STARTUPs:                            0 out of       1    0%
  Number of XADCs:                               0 out of       1    0%


Overall effort level (-ol):   High 
Router effort level (-rl):    High 

Starting initial Timing Analysis.  REAL time: 16 secs 
Finished initial Timing Analysis.  REAL time: 16 secs 

Starting Router


Phase  1  : 10772 unrouted;      REAL time: 18 secs 

Phase  2  : 9345 unrouted;      REAL time: 18 secs 

Phase  3  : 3515 unrouted;      REAL time: 22 secs 

Phase  4  : 3515 unrouted; (Par is working to improve performance)     REAL time: 25 secs 

Updating file: system-routed.ncd with current fully routed design.

Phase  5  : 0 unrouted; (Par is working to improve performance)     REAL time: 29 secs 

Phase  6  : 0 unrouted; (Par is working to improve performance)     REAL time: 29 secs 

Phase  7  : 0 unrouted; (Par is working to improve performance)     REAL time: 29 secs 

Phase  8  : 0 unrouted; (Par is working to improve performance)     REAL time: 29 secs 

Phase  9  : 0 unrouted; (Par is working to improve performance)     REAL time: 30 secs 
Total REAL time to Router completion: 30 secs 
Total CPU time to Router completion: 31 secs 

Partition Implementation Status
-------------------------------

  No Partitions were found in this design.

-------------------------------

Generating "PAR" statistics.
INFO:Par:459 - The Clock Report is not displayed in the non timing-driven mode.
Timing Score: 0 (Setup: 0, Hold: 0)

Asterisk (*) preceding a constraint indicates it was not met.
   This may be due to a setup or hold violation.

----------------------------------------------------------------------------------------------------------
  Constraint                                |    Check    | Worst Case |  Best Case | Timing |   Timing   
                                            |             |    Slack   | Achievable | Errors |    Score   
----------------------------------------------------------------------------------------------------------
  Autotimespec constraint for clock net clk | SETUP       |         N/A|     7.014ns|     N/A|           0
  _BUFGP                                    | HOLD        |     0.013ns|            |       0|           0
----------------------------------------------------------------------------------------------------------


All constraints were met.
INFO:Timing:2761 - N/A entries in the Constraints List may indicate that the 
   constraint is not analyzed due to the following: No paths covered by this 
   constraint; Other constraints intersect with this constraint; or This 
   constraint was disabled by a Path Tracing Control. Please run the Timespec 
   Interaction Report (TSI) via command line (trce tsi) or Timing Analyzer GUI.


Generating Pad Report.

All signals are completely routed.

Total REAL time to PAR completion: 31 secs 
Total CPU time to PAR completion: 32 secs 

Peak Memory Usage:  1075 MB

Placer: Placement generated during map.
Routing: Completed - No errors found.

Number of error messages: 0
Number of warning messages: 0
Number of info messages: 2

Writing design to file system-routed.ncd



PAR done!
cd build &&  bitgen -w system-routed.ncd system.bit
Release 14.7 - Bitgen P.20131013 (lin64)
Copyright (c) 1995-2013 Xilinx, Inc.  All rights reserved.
Loading device for application Rf_Device from file '7a100t.nph' in environment
/opt/Xilinx/14.7/ISE_DS/ISE/.
   "system" is an NCD, version 3.2, device xc7a100t, package csg324, speed -3

Tue May 17 11:39:04 2016

Running DRC.
DRC detected 0 errors and 0 warnings.
Creating bit map...
Saving bit stream in "system.bit".
Bitstream generation is complete.
